Archive member included to satisfy reference by file (symbol)

/home/leonardo/Descargas/gcc-arm-none-eabi-6-2017-q1-update/bin/../lib/gcc/arm-none-eabi/6.3.1/thumb/v7e-m/libgcc.a(_aeabi_uldivmod.o)
                              /tmp/ccY2Qono.ltrans0.ltrans.o (__aeabi_uldivmod)
/home/leonardo/Descargas/gcc-arm-none-eabi-6-2017-q1-update/bin/../lib/gcc/arm-none-eabi/6.3.1/thumb/v7e-m/libgcc.a(_udivmoddi4.o)
                              /home/leonardo/Descargas/gcc-arm-none-eabi-6-2017-q1-update/bin/../lib/gcc/arm-none-eabi/6.3.1/thumb/v7e-m/libgcc.a(_aeabi_uldivmod.o) (__udivmoddi4)
/home/leonardo/Descargas/gcc-arm-none-eabi-6-2017-q1-update/bin/../lib/gcc/arm-none-eabi/6.3.1/thumb/v7e-m/libgcc.a(_dvmd_tls.o)
                              /home/leonardo/Descargas/gcc-arm-none-eabi-6-2017-q1-update/bin/../lib/gcc/arm-none-eabi/6.3.1/thumb/v7e-m/libgcc.a(_aeabi_uldivmod.o) (__aeabi_ldiv0)
/home/leonardo/Descargas/gcc-arm-none-eabi-6-2017-q1-update/bin/../lib/gcc/arm-none-eabi/6.3.1/../../../../arm-none-eabi/lib/thumb/v7e-m/libg.a(lib_a-memset.o)
                              /tmp/ccY2Qono.ltrans9.ltrans.o (memset)
/home/leonardo/Descargas/gcc-arm-none-eabi-6-2017-q1-update/bin/../lib/gcc/arm-none-eabi/6.3.1/../../../../arm-none-eabi/lib/thumb/v7e-m/libg.a(lib_a-strlen.o)
                              /tmp/ccY2Qono.ltrans2.ltrans.o (strlen)

Discarded input sections

 .data          0x0000000000000000        0x0 build/obj/crt0_v7m.o
 .bss           0x0000000000000000        0x0 build/obj/crt0_v7m.o
 .data          0x0000000000000000        0x0 build/obj/chcoreasm_v7m.o
 .bss           0x0000000000000000        0x0 build/obj/chcoreasm_v7m.o
 .text          0x0000000000000000        0x0 build/obj/crt1.o (symbol from plugin)
 .text          0x0000000000000000        0x0 /tmp/ccY2Qono.ltrans0.ltrans.o
 .data          0x0000000000000000        0x0 /tmp/ccY2Qono.ltrans0.ltrans.o
 .bss           0x0000000000000000        0x0 /tmp/ccY2Qono.ltrans0.ltrans.o
 .text          0x0000000000000000        0x0 /tmp/ccY2Qono.ltrans1.ltrans.o
 .data          0x0000000000000000        0x0 /tmp/ccY2Qono.ltrans1.ltrans.o
 .bss           0x0000000000000000        0x0 /tmp/ccY2Qono.ltrans1.ltrans.o
 .text          0x0000000000000000        0x0 /tmp/ccY2Qono.ltrans2.ltrans.o
 .data          0x0000000000000000        0x0 /tmp/ccY2Qono.ltrans2.ltrans.o
 .bss           0x0000000000000000        0x0 /tmp/ccY2Qono.ltrans2.ltrans.o
 .text          0x0000000000000000        0x0 /tmp/ccY2Qono.ltrans3.ltrans.o
 .data          0x0000000000000000        0x0 /tmp/ccY2Qono.ltrans3.ltrans.o
 .bss           0x0000000000000000        0x0 /tmp/ccY2Qono.ltrans3.ltrans.o
 .text          0x0000000000000000        0x0 /tmp/ccY2Qono.ltrans4.ltrans.o
 .data          0x0000000000000000        0x0 /tmp/ccY2Qono.ltrans4.ltrans.o
 .bss           0x0000000000000000        0x0 /tmp/ccY2Qono.ltrans4.ltrans.o
 .text          0x0000000000000000        0x0 /tmp/ccY2Qono.ltrans5.ltrans.o
 .data          0x0000000000000000        0x0 /tmp/ccY2Qono.ltrans5.ltrans.o
 .bss           0x0000000000000000        0x0 /tmp/ccY2Qono.ltrans5.ltrans.o
 .text          0x0000000000000000        0x0 /tmp/ccY2Qono.ltrans6.ltrans.o
 .data          0x0000000000000000        0x0 /tmp/ccY2Qono.ltrans6.ltrans.o
 .bss           0x0000000000000000        0x0 /tmp/ccY2Qono.ltrans6.ltrans.o
 .text          0x0000000000000000        0x0 /tmp/ccY2Qono.ltrans7.ltrans.o
 .data          0x0000000000000000        0x0 /tmp/ccY2Qono.ltrans7.ltrans.o
 .bss           0x0000000000000000        0x0 /tmp/ccY2Qono.ltrans7.ltrans.o
 .text          0x0000000000000000        0x0 /tmp/ccY2Qono.ltrans8.ltrans.o
 .data          0x0000000000000000        0x0 /tmp/ccY2Qono.ltrans8.ltrans.o
 .bss           0x0000000000000000        0x0 /tmp/ccY2Qono.ltrans8.ltrans.o
 .text          0x0000000000000000        0x0 /tmp/ccY2Qono.ltrans9.ltrans.o
 .data          0x0000000000000000        0x0 /tmp/ccY2Qono.ltrans9.ltrans.o
 .bss           0x0000000000000000        0x0 /tmp/ccY2Qono.ltrans9.ltrans.o
 .text._isatty_r
                0x0000000000000000        0x4 /tmp/ccY2Qono.ltrans9.ltrans.o
 .text._fstat_r
                0x0000000000000000       0x18 /tmp/ccY2Qono.ltrans9.ltrans.o
 .text._sbrk_r  0x0000000000000000       0x30 /tmp/ccY2Qono.ltrans9.ltrans.o
 .text._close_r
                0x0000000000000000        0x4 /tmp/ccY2Qono.ltrans9.ltrans.o
 .text._write_r
                0x0000000000000000        0x4 /tmp/ccY2Qono.ltrans9.ltrans.o
 .text._lseek_r
                0x0000000000000000        0x4 /tmp/ccY2Qono.ltrans9.ltrans.o
 .text._read_r  0x0000000000000000        0xc /tmp/ccY2Qono.ltrans9.ltrans.o
 .rodata.__func__.7699
                0x0000000000000000        0x8 /tmp/ccY2Qono.ltrans9.ltrans.o
 .text          0x0000000000000000        0x0 /tmp/ccY2Qono.ltrans10.ltrans.o
 .data          0x0000000000000000        0x0 /tmp/ccY2Qono.ltrans10.ltrans.o
[...]
Memory Configuration

Name             Origin             Length             Attributes
flash            0x0000000008000000 0x0000000000100000
ram0             0x0000000020000000 0x0000000000020000
ram1             0x0000000020000000 0x000000000001c000
ram2             0x000000002001c000 0x0000000000004000
ram3             0x0000000000000000 0x0000000000000000
ram4             0x0000000010000000 0x0000000000010000
ram5             0x0000000040024000 0x0000000000001000
ram6             0x0000000000000000 0x0000000000000000
ram7             0x0000000000000000 0x0000000000000000
*default*        0x0000000000000000 0xffffffffffffffff

Linker script and memory map

LOAD build/obj/crt0_v7m.o
LOAD build/obj/chcoreasm_v7m.o
LOAD build/obj/crt1.o
LOAD /tmp/ccY2Qono.ltrans0.ltrans.o
LOAD /tmp/ccY2Qono.ltrans1.ltrans.o
LOAD /tmp/ccY2Qono.ltrans2.ltrans.o
LOAD /tmp/ccY2Qono.ltrans3.ltrans.o
LOAD /tmp/ccY2Qono.ltrans4.ltrans.o
LOAD /tmp/ccY2Qono.ltrans5.ltrans.o
LOAD /tmp/ccY2Qono.ltrans6.ltrans.o
LOAD /tmp/ccY2Qono.ltrans7.ltrans.o
LOAD /tmp/ccY2Qono.ltrans8.ltrans.o
LOAD /tmp/ccY2Qono.ltrans9.ltrans.o
LOAD /tmp/ccY2Qono.ltrans10.ltrans.o
LOAD /tmp/ccY2Qono.ltrans11.ltrans.o
LOAD /tmp/ccY2Qono.ltrans12.ltrans.o
LOAD /tmp/ccY2Qono.ltrans13.ltrans.o
LOAD /tmp/ccY2Qono.ltrans14.ltrans.o
LOAD /tmp/ccY2Qono.ltrans15.ltrans.o
LOAD /tmp/ccY2Qono.ltrans16.ltrans.o
LOAD /tmp/ccY2Qono.ltrans17.ltrans.o
LOAD /tmp/ccY2Qono.ltrans18.ltrans.o
LOAD /tmp/ccY2Qono.ltrans19.ltrans.o
LOAD /tmp/ccY2Qono.ltrans20.ltrans.o
LOAD build/obj/vectors.o
LOAD build/obj/chsys.o
LOAD build/obj/chdebug.o
LOAD build/obj/chvt.o
LOAD build/obj/chschd.o
LOAD build/obj/chthreads.o
LOAD build/obj/chtm.o
LOAD build/obj/chstats.o
LOAD build/obj/chdynamic.o
LOAD build/obj/chregistry.o
LOAD build/obj/chsem.o
LOAD build/obj/chmtx.o
LOAD build/obj/chcond.o
LOAD build/obj/chevents.o
LOAD build/obj/chmsg.o
LOAD build/obj/chmboxes.o
LOAD build/obj/chqueues.o
LOAD build/obj/chmemcore.o
LOAD build/obj/chheap.o
LOAD build/obj/chmempools.o
LOAD build/obj/chcore.o
LOAD build/obj/chcore_v7m.o
LOAD build/obj/osal.o
LOAD build/obj/hal.o
LOAD build/obj/st.o
LOAD build/obj/hal_buffers.o
LOAD build/obj/hal_queues.o
LOAD build/obj/hal_mmcsd.o
LOAD build/obj/mmc_spi.o
LOAD build/obj/pal.o
LOAD build/obj/serial.o
LOAD build/obj/spi.o
LOAD build/obj/uart.o
LOAD build/obj/wdg.o
LOAD build/obj/nvic.o
LOAD build/obj/hal_lld.o
LOAD build/obj/stm32_dma.o
LOAD build/obj/st_lld.o
LOAD build/obj/pal_lld.o
LOAD build/obj/spi_lld.o
LOAD build/obj/serial_lld.o
LOAD build/obj/uart_lld.o
LOAD build/obj/wdg_lld.o
LOAD build/obj/board.o
LOAD build/obj/fatfs_diskio.o
LOAD build/obj/fatfs_syscall.o
LOAD build/obj/ff.o
LOAD build/obj/unicode.o
LOAD build/obj/syscalls.o
LOAD build/obj/evtimer.o
LOAD build/obj/LiquidCrystal.o
LOAD build/obj/chsprintf.o
LOAD build/obj/ValidarEmr3.o
LOAD build/obj/ConfInicial.o
LOAD build/obj/ConfEmr3.o
LOAD build/obj/ascii.o
LOAD build/obj/EepromVirtual.o
LOAD build/obj/LectureSw.o
LOAD build/obj/ButtonEmr3.o
LOAD build/obj/DataSd.o
LOAD build/obj/RxWire.o
LOAD build/obj/main.o
                0x0000000020000000                __ram0_start__ = ORIGIN (ram0)
                0x0000000000020000                __ram0_size__ = LENGTH (ram0)
                0x0000000020020000                __ram0_end__ = (__ram0_start__ + __ram0_size__)
                0x0000000020000000                __ram1_start__ = ORIGIN (ram1)
                0x000000000001c000                __ram1_size__ = LENGTH (ram1)
                0x000000002001c000                __ram1_end__ = (__ram1_start__ + __ram1_size__)
                0x000000002001c000                __ram2_start__ = ORIGIN (ram2)
                0x0000000000004000                __ram2_size__ = LENGTH (ram2)
                0x0000000020020000                __ram2_end__ = (__ram2_start__ + __ram2_size__)
                0x0000000000000000                __ram3_start__ = ORIGIN (ram3)
                0x0000000000000000                __ram3_size__ = LENGTH (ram3)
                0x0000000000000000                __ram3_end__ = (__ram3_start__ + __ram3_size__)
                0x0000000010000000                __ram4_start__ = ORIGIN (ram4)
                0x0000000000010000                __ram4_size__ = LENGTH (ram4)
                0x0000000010010000                __ram4_end__ = (__ram4_start__ + __ram4_size__)
                0x0000000040024000                __ram5_start__ = ORIGIN (ram5)
                0x0000000000001000                __ram5_size__ = LENGTH (ram5)
                0x0000000040025000                __ram5_end__ = (__ram5_start__ + __ram5_size__)
                0x0000000000000000                __ram6_start__ = ORIGIN (ram6)
                0x0000000000000000                __ram6_size__ = LENGTH (ram6)
                0x0000000000000000                __ram6_end__ = (__ram6_start__ + __ram6_size__)
                0x0000000000000000                __ram7_start__ = ORIGIN (ram7)
                0x0000000000000000                __ram7_size__ = LENGTH (ram7)
                0x0000000000000000                __ram7_end__ = (__ram7_start__ + __ram7_size__)
                0x0000000000000000                . = 0x0
                0x0000000000000000                _text = .

startup         0x0000000008000000      0x1c0
 *(.vectors)
 .vectors       0x0000000008000000      0x1c0 /tmp/ccY2Qono.ltrans4.ltrans.o
                0x0000000008000000                _vectors

constructors    0x00000000080001c0        0x0
                0x00000000080001c0                __init_array_start = .
 *(SORT(.init_array.*))
 *(.init_array)
                0x00000000080001c0                __init_array_end = .

destructors     0x00000000080001c0        0x0
                0x00000000080001c0                __fini_array_start = .
 *(.fini_array)
 *(SORT(.fini_array.*))
                0x00000000080001c0                __fini_array_end = .

.text           0x00000000080001c0    0x10149
 *(.text)
 .text          0x00000000080001c0       0xc4 build/obj/crt0_v7m.o
                0x00000000080001c0                Reset_Handler
 *fill*         0x0000000008000284        0xc 
 .text          0x0000000008000290       0x40 build/obj/chcoreasm_v7m.o
                0x0000000008000290                _port_switch
                0x00000000080002a0                _port_thread_start
                0x00000000080002b8                _port_switch_from_isr
                0x00000000080002cc                _port_exit_from_isr
 .text          0x00000000080002d0       0x30 /home/leonardo/Descargas/gcc-arm-none-eabi-6-2017-q1-update/bin/../lib/gcc/arm-none-eabi/6.3.1/thumb/v7e-m/libgcc.a(_aeabi_uldivmod.o)
                0x00000000080002d0                __aeabi_uldivmod
 .text          0x0000000008000300      0x2dc /home/leonardo/Descargas/gcc-arm-none-eabi-6-2017-q1-update/bin/../lib/gcc/arm-none-eabi/6.3.1/thumb/v7e-m/libgcc.a(_udivmoddi4.o)
                0x0000000008000300                __udivmoddi4
 *fill*         0x00000000080005dc        0x4 
 .text          0x00000000080005e0        0x4 /home/leonardo/Descargas/gcc-arm-none-eabi-6-2017-q1-update/bin/../lib/gcc/arm-none-eabi/6.3.1/thumb/v7e-m/libgcc.a(_dvmd_tls.o)
                0x00000000080005e0                __aeabi_ldiv0
                0x00000000080005e0                __aeabi_idiv0
 *fill*         0x00000000080005e4        0xc 
 .text          0x00000000080005f0       0xdc /home/leonardo/Descargas/gcc-arm-none-eabi-6-2017-q1-update/bin/../lib/gcc/arm-none-eabi/6.3.1/../../../../arm-none-eabi/lib/thumb/v7e-m/libg.a(lib_a-strlen.o)
                0x00000000080005f0                strlen
 *(.text.*)
 *fill*         0x00000000080006cc        0x4 
 .text.Thread1.lto_priv.65
                0x00000000080006d0     0x51e0 /tmp/ccY2Qono.ltrans0.ltrans.o
                0x00000000080006d0                Thread1.lto_priv.65
 .text.SD_thread_2.lto_priv.66
                0x00000000080058b0     0x12e8 /tmp/ccY2Qono.ltrans1.ltrans.o
                0x00000000080058b0                SD_thread_2.lto_priv.66
 *fill*         0x0000000008006b98        0x8 
 .text.startup.main
                0x0000000008006ba0     0x1a9c /tmp/ccY2Qono.ltrans2.ltrans.o
                0x0000000008006ba0                main
 *fill*         0x000000000800863c        0x4 
 .text.unlikely.sd_preset
                0x0000000008008640      0x218 /tmp/ccY2Qono.ltrans3.ltrans.o
                0x0000000008008640                sd_preset
 *fill*         0x0000000008008858        0x8 
 .text.mmc_lld_is_write_protected
                0x0000000008008860        0x4 /tmp/ccY2Qono.ltrans4.ltrans.o
                0x0000000008008860                mmc_lld_is_write_protected
 *fill*         0x0000000008008864        0xc 
 .text.mmc_lld_is_card_inserted
                0x0000000008008870        0x4 /tmp/ccY2Qono.ltrans4.ltrans.o
                0x0000000008008870                mmc_lld_is_card_inserted
 *fill*         0x0000000008008874        0xc 
 .text.uart_lld_serve_tx_end_irq.lto_priv.73
                0x0000000008008880       0x54 /tmp/ccY2Qono.ltrans4.ltrans.o
                0x0000000008008880                uart_lld_serve_tx_end_irq.lto_priv.73
 *fill*         0x00000000080088d4        0xc 
 .text.uart_lld_serve_rx_end_irq.lto_priv.72
                0x00000000080088e0       0x90 /tmp/ccY2Qono.ltrans4.ltrans.o
                0x00000000080088e0                uart_lld_serve_rx_end_irq.lto_priv.72
 .text.notify2.lto_priv.75
                0x0000000008008970       0x10 /tmp/ccY2Qono.ltrans4.ltrans.o
                0x0000000008008970                notify2.lto_priv.75
 .text.spi_lld_serve_tx_interrupt.lto_priv.140
                0x0000000008008980       0x1c /tmp/ccY2Qono.ltrans4.ltrans.o
                0x0000000008008980                spi_lld_serve_tx_interrupt.lto_priv.140
 *fill*         0x000000000800899c        0x4 
 .text.VectorD4
                0x00000000080089a0       0x88 /tmp/ccY2Qono.ltrans4.ltrans.o
 *fill*         0x0000000008008a28        0x8 
 .text.VectorD8
                0x0000000008008a30      0x1ec /tmp/ccY2Qono.ltrans4.ltrans.o
 *fill*         0x0000000008008c1c        0x4 
 .text.spi_lld_serve_rx_interrupt.lto_priv.139
                0x0000000008008c20       0xb4 /tmp/ccY2Qono.ltrans4.ltrans.o
                0x0000000008008c20                spi_lld_serve_rx_interrupt.lto_priv.139
 *fill*         0x0000000008008cd4        0xc 
 .text.dir_sdi.lto_priv.131
                0x0000000008008ce0       0xa0 /tmp/ccY2Qono.ltrans4.ltrans.o
                0x0000000008008ce0                dir_sdi.lto_priv.131
 .text.create_chain.lto_priv.133
                0x0000000008008d80       0xc8 /tmp/ccY2Qono.ltrans4.ltrans.o
                0x0000000008008d80                create_chain.lto_priv.133
 *fill*         0x0000000008008e48        0x8 
 .text.dir_next.lto_priv.132
                0x0000000008008e50      0x130 /tmp/ccY2Qono.ltrans4.ltrans.o
                0x0000000008008e50                dir_next.lto_priv.132
 .text.disk_write
                0x0000000008008f80       0x9c /tmp/ccY2Qono.ltrans4.ltrans.o
                0x0000000008008f80                disk_write
 *fill*         0x000000000800901c        0x4 
 .text.sync_fs.lto_priv.126
                0x0000000008009020       0xb8 /tmp/ccY2Qono.ltrans4.ltrans.o
                0x0000000008009020                sync_fs.lto_priv.126
 *fill*         0x00000000080090d8        0x8 
 .text.disk_read
                0x00000000080090e0       0x64 /tmp/ccY2Qono.ltrans4.ltrans.o
                0x00000000080090e0                disk_read
 *fill*         0x0000000008009144        0xc 
 .text.move_window.lto_priv.88
                0x0000000008009150       0x34 /tmp/ccY2Qono.ltrans4.ltrans.o
                0x0000000008009150                move_window.lto_priv.88
 *fill*         0x0000000008009184        0xc 
 .text.disk_initialize
                0x0000000008009190       0x18 /tmp/ccY2Qono.ltrans4.ltrans.o
                0x0000000008009190                disk_initialize
                0x0000000008009190                disk_status
 *fill*         0x00000000080091a8        0x8 
 .text.__early_init
                0x00000000080091b0       0xc0 /tmp/ccY2Qono.ltrans4.ltrans.o
                0x00000000080091b0                __early_init
 .text._pal_lld_setgroupmode
                0x0000000008009270       0xd0 /tmp/ccY2Qono.ltrans4.ltrans.o
                0x0000000008009270                _pal_lld_setgroupmode
 .text.mmcGetInfo
                0x0000000008009340       0x30 /tmp/ccY2Qono.ltrans5.ltrans.o
                0x0000000008009340                mmcGetInfo
 .text._mmcsd_get_slice
                0x0000000008009370       0x64 /tmp/ccY2Qono.ltrans5.ltrans.o
 *fill*         0x00000000080093d4        0xc 
 .text.SVC_Handler
                0x00000000080093e0       0x1c /tmp/ccY2Qono.ltrans5.ltrans.o
                0x00000000080093e0                SVC_Handler
 *fill*         0x00000000080093fc        0x4 
 .text.recvr1.isra.0
                0x0000000008009400       0x24 /tmp/ccY2Qono.ltrans5.ltrans.o
 *fill*         0x0000000008009424        0xc 
 .text.wait.isra.2
                0x0000000008009430       0x44 /tmp/ccY2Qono.ltrans5.ltrans.o
 *fill*         0x0000000008009474        0xc 
 .text.send_hdr
                0x0000000008009480       0x70 /tmp/ccY2Qono.ltrans5.ltrans.o
 .text.sync.isra.3
                0x00000000080094f0       0x38 /tmp/ccY2Qono.ltrans5.ltrans.o
 *fill*         0x0000000008009528        0x8 
 .text.read_CxD
                0x0000000008009530       0x94 /tmp/ccY2Qono.ltrans5.ltrans.o
 *fill*         0x00000000080095c4        0xc 
 .text.send_command_R3
                0x00000000080095d0       0x40 /tmp/ccY2Qono.ltrans5.ltrans.o
 .text.send_command_R1
                0x0000000008009610       0x30 /tmp/ccY2Qono.ltrans5.ltrans.o
 .text.mmcSync  0x0000000008009640       0x40 /tmp/ccY2Qono.ltrans5.ltrans.o
                0x0000000008009640                mmcSync
 .text.mmcConnect
                0x0000000008009680      0x230 /tmp/ccY2Qono.ltrans5.ltrans.o
                0x0000000008009680                mmcConnect
 .text.mmcSequentialWrite.part.8
                0x00000000080098b0       0x70 /tmp/ccY2Qono.ltrans5.ltrans.o
                0x00000000080098b0                mmcSequentialWrite.part.8
 .text.mmcStopSequentialRead.part.6
                0x0000000008009920       0x30 /tmp/ccY2Qono.ltrans5.ltrans.o
                0x0000000008009920                mmcStopSequentialRead.part.6
 .text.mmcStartSequentialWrite
                0x0000000008009950       0x84 /tmp/ccY2Qono.ltrans5.ltrans.o
                0x0000000008009950                mmcStartSequentialWrite
 *fill*         0x00000000080099d4        0xc 
 .text.mmc_write.lto_priv.78
                0x00000000080099e0       0x80 /tmp/ccY2Qono.ltrans5.ltrans.o
                0x00000000080099e0                mmc_write.lto_priv.78
 .text.mmcSequentialRead
                0x0000000008009a60       0x78 /tmp/ccY2Qono.ltrans5.ltrans.o
                0x0000000008009a60                mmcSequentialRead
 *fill*         0x0000000008009ad8        0x8 
 .text.mmcStartSequentialRead
                0x0000000008009ae0       0x84 /tmp/ccY2Qono.ltrans5.ltrans.o
                0x0000000008009ae0                mmcStartSequentialRead
 *fill*         0x0000000008009b64        0xc 
 .text.mmc_read.lto_priv.77
                0x0000000008009b70       0x50 /tmp/ccY2Qono.ltrans5.ltrans.o
                0x0000000008009b70                mmc_read.lto_priv.77
 .text.stSetAlarm
                0x0000000008009bc0       0x20 /tmp/ccY2Qono.ltrans5.ltrans.o
                0x0000000008009bc0                stSetAlarm
 .text._port_irq_epilogue
                0x0000000008009be0       0x5c /tmp/ccY2Qono.ltrans5.ltrans.o
                0x0000000008009be0                _port_irq_epilogue
 *fill*         0x0000000008009c3c        0x4 
 .text.mmcDisconnect
                0x0000000008009c40       0xbc /tmp/ccY2Qono.ltrans5.ltrans.o
                0x0000000008009c40                mmcDisconnect
 *fill*         0x0000000008009cfc        0x4 
 .text.chCoreAlloc
                0x0000000008009d00       0x70 /tmp/ccY2Qono.ltrans5.ltrans.o
                0x0000000008009d00                chCoreAlloc
 .text.chOQWriteTimeout
                0x0000000008009d70       0xf4 /tmp/ccY2Qono.ltrans5.ltrans.o
                0x0000000008009d70                chOQWriteTimeout
 *fill*         0x0000000008009e64        0xc 
 .text.dmaStreamRelease
                0x0000000008009e70       0x84 /tmp/ccY2Qono.ltrans6.ltrans.o
 *fill*         0x0000000008009ef4        0xc 
 .text.Vector158
                0x0000000008009f00       0x38 /tmp/ccY2Qono.ltrans6.ltrans.o
                0x0000000008009f00                Vector158
 *fill*         0x0000000008009f38        0x8 
 .text.Vector154
                0x0000000008009f40       0x38 /tmp/ccY2Qono.ltrans6.ltrans.o
                0x0000000008009f40                Vector154
 *fill*         0x0000000008009f78        0x8 
 .text.Vector150
                0x0000000008009f80       0x38 /tmp/ccY2Qono.ltrans6.ltrans.o
                0x0000000008009f80                Vector150
 *fill*         0x0000000008009fb8        0x8 
 .text.Vector130
                0x0000000008009fc0       0x34 /tmp/ccY2Qono.ltrans6.ltrans.o
                0x0000000008009fc0                Vector130
 *fill*         0x0000000008009ff4        0xc 
 .text.Vector12C
                0x000000000800a000       0x38 /tmp/ccY2Qono.ltrans6.ltrans.o
                0x000000000800a000                Vector12C
 *fill*         0x000000000800a038        0x8 
 .text.Vector128
                0x000000000800a040       0x38 /tmp/ccY2Qono.ltrans6.ltrans.o
                0x000000000800a040                Vector128
 *fill*         0x000000000800a078        0x8 
 .text.Vector124
                0x000000000800a080       0x38 /tmp/ccY2Qono.ltrans6.ltrans.o
                0x000000000800a080                Vector124
 *fill*         0x000000000800a0b8        0x8 
 .text.Vector120
                0x000000000800a0c0       0x34 /tmp/ccY2Qono.ltrans6.ltrans.o
                0x000000000800a0c0                Vector120
 *fill*         0x000000000800a0f4        0xc 
 .text.VectorFC
                0x000000000800a100       0x38 /tmp/ccY2Qono.ltrans6.ltrans.o
                0x000000000800a100                VectorFC
 *fill*         0x000000000800a138        0x8 
 .text.Vector84
                0x000000000800a140       0x38 /tmp/ccY2Qono.ltrans6.ltrans.o
                0x000000000800a140                Vector84
 *fill*         0x000000000800a178        0x8 
 .text.Vector80
                0x000000000800a180       0x38 /tmp/ccY2Qono.ltrans6.ltrans.o
                0x000000000800a180                Vector80
 *fill*         0x000000000800a1b8        0x8 
 .text.Vector7C
                0x000000000800a1c0       0x34 /tmp/ccY2Qono.ltrans6.ltrans.o
                0x000000000800a1c0                Vector7C
 *fill*         0x000000000800a1f4        0xc 
 .text.Vector78
                0x000000000800a200       0x38 /tmp/ccY2Qono.ltrans6.ltrans.o
                0x000000000800a200                Vector78
 *fill*         0x000000000800a238        0x8 
 .text.Vector74
                0x000000000800a240       0x38 /tmp/ccY2Qono.ltrans6.ltrans.o
                0x000000000800a240                Vector74
 *fill*         0x000000000800a278        0x8 
 .text.Vector70
                0x000000000800a280       0x38 /tmp/ccY2Qono.ltrans6.ltrans.o
                0x000000000800a280                Vector70
 *fill*         0x000000000800a2b8        0x8 
 .text.Vector6C
                0x000000000800a2c0       0x34 /tmp/ccY2Qono.ltrans6.ltrans.o
                0x000000000800a2c0                Vector6C
 *fill*         0x000000000800a2f4        0xc 
 .text.VectorB0
                0x000000000800a300       0xf0 /tmp/ccY2Qono.ltrans6.ltrans.o
                0x000000000800a300                VectorB0
 .text.readt.lto_priv.86
                0x000000000800a3f0        0x8 /tmp/ccY2Qono.ltrans6.ltrans.o
                0x000000000800a3f0                readt.lto_priv.86
 *fill*         0x000000000800a3f8        0x8 
 .text.read.lto_priv.80
                0x000000000800a400        0xc /tmp/ccY2Qono.ltrans6.ltrans.o
                0x000000000800a400                read.lto_priv.80
 *fill*         0x000000000800a40c        0x4 
 .text.writet.lto_priv.85
                0x000000000800a410        0x8 /tmp/ccY2Qono.ltrans6.ltrans.o
                0x000000000800a410                writet.lto_priv.85
 *fill*         0x000000000800a418        0x8 
 .text.write.lto_priv.79
                0x000000000800a420        0xc /tmp/ccY2Qono.ltrans6.ltrans.o
                0x000000000800a420                write.lto_priv.79
 *fill*         0x000000000800a42c        0x4 
 .text.gett.lto_priv.84
                0x000000000800a430        0x8 /tmp/ccY2Qono.ltrans6.ltrans.o
                0x000000000800a430                gett.lto_priv.84
 *fill*         0x000000000800a438        0x8 
 .text.get.lto_priv.82
                0x000000000800a440        0xc /tmp/ccY2Qono.ltrans6.ltrans.o
                0x000000000800a440                get.lto_priv.82
 *fill*         0x000000000800a44c        0x4 
 .text.putt.lto_priv.83
                0x000000000800a450        0x8 /tmp/ccY2Qono.ltrans6.ltrans.o
                0x000000000800a450                putt.lto_priv.83
 *fill*         0x000000000800a458        0x8 
 .text.put.lto_priv.81
                0x000000000800a460        0xc /tmp/ccY2Qono.ltrans6.ltrans.o
                0x000000000800a460                put.lto_priv.81
 *fill*         0x000000000800a46c        0x4 
 .text.dmaStreamAllocate
                0x000000000800a470       0xcc /tmp/ccY2Qono.ltrans6.ltrans.o
                0x000000000800a470                dmaStreamAllocate
 *fill*         0x000000000800a53c        0x4 
 .text.spiSend  0x000000000800a540       0xbc /tmp/ccY2Qono.ltrans6.ltrans.o
                0x000000000800a540                spiSend
 *fill*         0x000000000800a5fc        0x4 
 .text.spiReceive
                0x000000000800a600       0xbc /tmp/ccY2Qono.ltrans6.ltrans.o
                0x000000000800a600                spiReceive
 *fill*         0x000000000800a6bc        0x4 
 .text.spiIgnore
                0x000000000800a6c0       0xb8 /tmp/ccY2Qono.ltrans6.ltrans.o
                0x000000000800a6c0                spiIgnore
 *fill*         0x000000000800a778        0x8 
 .text.spiUnselect
                0x000000000800a780       0x74 /tmp/ccY2Qono.ltrans6.ltrans.o
                0x000000000800a780                spiUnselect
 *fill*         0x000000000800a7f4        0xc 
 .text.spiSelect
                0x000000000800a800       0x74 /tmp/ccY2Qono.ltrans6.ltrans.o
                0x000000000800a800                spiSelect
 *fill*         0x000000000800a874        0xc 
 .text.spiStop  0x000000000800a880       0xa0 /tmp/ccY2Qono.ltrans6.ltrans.o
                0x000000000800a880                spiStop
 .text.spiStart
                0x000000000800a920      0x11c /tmp/ccY2Qono.ltrans6.ltrans.o
                0x000000000800a920                spiStart
 *fill*         0x000000000800aa3c        0x4 
 .text.put_fat.part.8
                0x000000000800aa40      0x128 /tmp/ccY2Qono.ltrans7.ltrans.o
                0x000000000800aa40                put_fat.part.8
 *fill*         0x000000000800ab68        0x8 
 .text.get_fat.part.6
                0x000000000800ab70       0xc0 /tmp/ccY2Qono.ltrans7.ltrans.o
                0x000000000800ab70                get_fat.part.6
 .text.sync_window.part.3.lto_priv.135
                0x000000000800ac30       0x4c /tmp/ccY2Qono.ltrans7.ltrans.o
                0x000000000800ac30                sync_window.part.3.lto_priv.135
 *fill*         0x000000000800ac7c        0x4 
 .text.f_gets   0x000000000800ac80       0xd0 /tmp/ccY2Qono.ltrans7.ltrans.o
                0x000000000800ac80                f_gets
 .text.f_rename
                0x000000000800ad50      0x148 /tmp/ccY2Qono.ltrans7.ltrans.o
                0x000000000800ad50                f_rename
 *fill*         0x000000000800ae98        0x8 
 .text.f_unlink
                0x000000000800aea0      0x120 /tmp/ccY2Qono.ltrans7.ltrans.o
                0x000000000800aea0                f_unlink
 .text.f_stat   0x000000000800afc0       0x90 /tmp/ccY2Qono.ltrans7.ltrans.o
                0x000000000800afc0                f_stat
 .text.f_lseek  0x000000000800b050      0x124 /tmp/ccY2Qono.ltrans7.ltrans.o
                0x000000000800b050                f_lseek
 *fill*         0x000000000800b174        0xc 
 .text.f_close  0x000000000800b180       0x8c /tmp/ccY2Qono.ltrans7.ltrans.o
                0x000000000800b180                f_close
 *fill*         0x000000000800b20c        0x4 
 .text.f_write  0x000000000800b210      0x1d0 /tmp/ccY2Qono.ltrans7.ltrans.o
                0x000000000800b210                f_write
 .text.sd_venta
                0x000000000800b3e0      0x240 /tmp/ccY2Qono.ltrans8.ltrans.o
                0x000000000800b3e0                sd_venta
 .text.unlikely.sd_ppu
                0x000000000800b620      0x15c /tmp/ccY2Qono.ltrans8.ltrans.o
                0x000000000800b620                sd_ppu
 *fill*         0x000000000800b77c        0x4 
 .text.sd_Tvolumen
                0x000000000800b780       0xcc /tmp/ccY2Qono.ltrans8.ltrans.o
                0x000000000800b780                sd_Tvolumen
 *fill*         0x000000000800b84c        0x4 
 .text.unlikely.ConfInicial
                0x000000000800b850      0x3c4 /tmp/ccY2Qono.ltrans9.ltrans.o
                0x000000000800b850                ConfInicial
 *fill*         0x000000000800bc14        0xc 
 .text.LCDWrite4bits
                0x000000000800bc20       0x98 /tmp/ccY2Qono.ltrans9.ltrans.o
                0x000000000800bc20                LCDWrite4bits
 *fill*         0x000000000800bcb8        0x8 
 .text.LCDInit  0x000000000800bcc0       0x88 /tmp/ccY2Qono.ltrans9.ltrans.o
                0x000000000800bcc0                LCDInit
 *fill*         0x000000000800bd48        0x8 
 .text.remove_chain.part.10.lto_priv.130
                0x000000000800bd50       0x60 /tmp/ccY2Qono.ltrans9.ltrans.o
                0x000000000800bd50                remove_chain.part.10.lto_priv.130
 .text.unlikely.sd_Tdinero
                0x000000000800bdb0      0x1a0 /tmp/ccY2Qono.ltrans10.ltrans.o
                0x000000000800bdb0                sd_Tdinero
 .text.unlikely.sd_dinero
                0x000000000800bf50      0x21c /tmp/ccY2Qono.ltrans10.ltrans.o
                0x000000000800bf50                sd_dinero
 *fill*         0x000000000800c16c        0x4 
 .text._idle_thread.lto_priv.74
                0x000000000800c170        0x4 /tmp/ccY2Qono.ltrans11.ltrans.o
                0x000000000800c170                _idle_thread.lto_priv.74
 *fill*         0x000000000800c174        0xc 
 .text._stats_increase_irq
                0x000000000800c180       0x20 /tmp/ccY2Qono.ltrans11.ltrans.o
                0x000000000800c180                _stats_increase_irq
 .text.chTMChainMeasurementToX
                0x000000000800c1a0       0x3c /tmp/ccY2Qono.ltrans11.ltrans.o
                0x000000000800c1a0                chTMChainMeasurementToX
 *fill*         0x000000000800c1dc        0x4 
 .text.chTMStopMeasurementX
                0x000000000800c1e0       0x44 /tmp/ccY2Qono.ltrans11.ltrans.o
                0x000000000800c1e0                chTMStopMeasurementX
 *fill*         0x000000000800c224        0xc 
 .text._stats_stop_measure_crit_isr
                0x000000000800c230        0xc /tmp/ccY2Qono.ltrans11.ltrans.o
                0x000000000800c230                _stats_stop_measure_crit_isr
 *fill*         0x000000000800c23c        0x4 
 .text._stats_stop_measure_crit_thd
                0x000000000800c240        0xc /tmp/ccY2Qono.ltrans11.ltrans.o
                0x000000000800c240                _stats_stop_measure_crit_thd
 *fill*         0x000000000800c24c        0x4 
 .text.chTMStartMeasurementX
                0x000000000800c250        0xc /tmp/ccY2Qono.ltrans11.ltrans.o
                0x000000000800c250                chTMStartMeasurementX
 *fill*         0x000000000800c25c        0x4 
 .text._stats_start_measure_crit_isr
                0x000000000800c260        0xc /tmp/ccY2Qono.ltrans11.ltrans.o
                0x000000000800c260                _stats_start_measure_crit_isr
 *fill*         0x000000000800c26c        0x4 
 .text._stats_start_measure_crit_thd
                0x000000000800c270        0xc /tmp/ccY2Qono.ltrans11.ltrans.o
                0x000000000800c270                _stats_start_measure_crit_thd
 *fill*         0x000000000800c27c        0x4 
 .text._dbg_trace
                0x000000000800c280       0x34 /tmp/ccY2Qono.ltrans11.ltrans.o
                0x000000000800c280                _dbg_trace
 *fill*         0x000000000800c2b4        0xc 
 .text.chSchDoReschedule
                0x000000000800c2c0       0x78 /tmp/ccY2Qono.ltrans11.ltrans.o
                0x000000000800c2c0                chSchDoReschedule
 *fill*         0x000000000800c338        0x8 
 .text.chDbgCheckClassS
                0x000000000800c340       0x20 /tmp/ccY2Qono.ltrans11.ltrans.o
                0x000000000800c340                chDbgCheckClassS
 .text.chSchGoSleepS
                0x000000000800c360       0x64 /tmp/ccY2Qono.ltrans11.ltrans.o
 *fill*         0x000000000800c3c4        0xc 
 .text.chThdSuspendS
                0x000000000800c3d0       0x30 /tmp/ccY2Qono.ltrans11.ltrans.o
                0x000000000800c3d0                chThdSuspendS
 .text.chDbgCheckClassI
                0x000000000800c400       0x20 /tmp/ccY2Qono.ltrans11.ltrans.o
                0x000000000800c400                chDbgCheckClassI
 .text.chSchGoSleepTimeoutS
                0x000000000800c420      0x168 /tmp/ccY2Qono.ltrans11.ltrans.o
 *fill*         0x000000000800c588        0x8 
 .text.chThdEnqueueTimeoutS
                0x000000000800c590       0x28 /tmp/ccY2Qono.ltrans11.ltrans.o
                0x000000000800c590                chThdEnqueueTimeoutS
 *fill*         0x000000000800c5b8        0x8 
 .text.chSchReadyI
                0x000000000800c5c0       0x50 /tmp/ccY2Qono.ltrans11.ltrans.o
                0x000000000800c5c0                chSchReadyI
 .text._dbg_check_leave_isr
                0x000000000800c610       0x2c /tmp/ccY2Qono.ltrans11.ltrans.o
                0x000000000800c610                _dbg_check_leave_isr
 *fill*         0x000000000800c63c        0x4 
 .text._dbg_check_enter_isr
                0x000000000800c640       0x2c /tmp/ccY2Qono.ltrans11.ltrans.o
                0x000000000800c640                _dbg_check_enter_isr
 *fill*         0x000000000800c66c        0x4 
 .text._dbg_check_unlock_from_isr
                0x000000000800c670       0x24 /tmp/ccY2Qono.ltrans11.ltrans.o
                0x000000000800c670                _dbg_check_unlock_from_isr
 *fill*         0x000000000800c694        0xc 
 .text._dbg_check_lock_from_isr
                0x000000000800c6a0       0x24 /tmp/ccY2Qono.ltrans11.ltrans.o
                0x000000000800c6a0                _dbg_check_lock_from_isr
 *fill*         0x000000000800c6c4        0xc 
 .text.wakeup   0x000000000800c6d0       0x6c /tmp/ccY2Qono.ltrans11.ltrans.o
 *fill*         0x000000000800c73c        0x4 
 .text._dbg_check_unlock
                0x000000000800c740       0x20 /tmp/ccY2Qono.ltrans11.ltrans.o
                0x000000000800c740                _dbg_check_unlock
 .text._dbg_check_lock
                0x000000000800c760       0x20 /tmp/ccY2Qono.ltrans11.ltrans.o
                0x000000000800c760                _dbg_check_lock
 .text.chOQPutTimeout
                0x000000000800c780       0xb0 /tmp/ccY2Qono.ltrans11.ltrans.o
                0x000000000800c780                chOQPutTimeout
 .text.chIQReadTimeout
                0x000000000800c830       0xfc /tmp/ccY2Qono.ltrans11.ltrans.o
                0x000000000800c830                chIQReadTimeout
 *fill*         0x000000000800c92c        0x4 
 .text.chIQGetTimeout
                0x000000000800c930       0xa4 /tmp/ccY2Qono.ltrans11.ltrans.o
                0x000000000800c930                chIQGetTimeout
 *fill*         0x000000000800c9d4        0xc 
 .text.chThdExit
                0x000000000800c9e0       0x58 /tmp/ccY2Qono.ltrans11.ltrans.o
                0x000000000800c9e0                chThdExit
 *fill*         0x000000000800ca38        0x8 
 .text.chThdSleep
                0x000000000800ca40       0x5c /tmp/ccY2Qono.ltrans11.ltrans.o
                0x000000000800ca40                chThdSleep
 *fill*         0x000000000800ca9c        0x4 
 .text._unhandled_exception
                0x000000000800caa0        0x4 /tmp/ccY2Qono.ltrans11.ltrans.o
                0x000000000800caa0                Vector58
                0x000000000800caa0                VectorE8
                0x000000000800caa0                Vector9C
                0x000000000800caa0                VectorAC
                0x000000000800caa0                DebugMon_Handler
                0x000000000800caa0                Vector1A0
                0x000000000800caa0                Vector5C
                0x000000000800caa0                Vector11C
                0x000000000800caa0                HardFault_Handler
                0x000000000800caa0                Vector1B8
                0x000000000800caa0                Vector19C
                0x000000000800caa0                Vector8C
                0x000000000800caa0                SysTick_Handler
                0x000000000800caa0                VectorDC
                0x000000000800caa0                PendSV_Handler
                0x000000000800caa0                Vector168
                0x000000000800caa0                NMI_Handler
                0x000000000800caa0                Vector110
                0x000000000800caa0                VectorC8
                0x000000000800caa0                Vector94
                0x000000000800caa0                VectorA8
                0x000000000800caa0                VectorB4
                0x000000000800caa0                Vector160
                0x000000000800caa0                Vector1B0
                0x000000000800caa0                UsageFault_Handler
                0x000000000800caa0                VectorEC
                0x000000000800caa0                Vector40
                0x000000000800caa0                VectorF8
                0x000000000800caa0                Vector108
                0x000000000800caa0                VectorBC
                0x000000000800caa0                Vector190
                0x000000000800caa0                Vector148
                0x000000000800caa0                Vector188
                0x000000000800caa0                Vector198
                0x000000000800caa0                Vector118
                0x000000000800caa0                Vector64
                0x000000000800caa0                VectorCC
                0x000000000800caa0                Vector54
                0x000000000800caa0                Vector98
                0x000000000800caa0                Vector138
                0x000000000800caa0                Vector24
                0x000000000800caa0                Vector1AC
                0x000000000800caa0                Vector178
                0x000000000800caa0                Vector1A4
                0x000000000800caa0                VectorD0
                0x000000000800caa0                Vector1B4
                0x000000000800caa0                Vector140
                0x000000000800caa0                VectorE4
                0x000000000800caa0                VectorC0
                0x000000000800caa0                Vector134
                0x000000000800caa0                VectorF0
                0x000000000800caa0                Vector13C
                0x000000000800caa0                Vector100
                0x000000000800caa0                VectorE0
                0x000000000800caa0                VectorF4
                0x000000000800caa0                MemManage_Handler
                0x000000000800caa0                VectorA0
                0x000000000800caa0                VectorC4
                0x000000000800caa0                Vector180
                0x000000000800caa0                Vector90
                0x000000000800caa0                Vector114
                0x000000000800caa0                Vector164
                0x000000000800caa0                Vector60
                0x000000000800caa0                Vector1C
                0x000000000800caa0                Vector1BC
                0x000000000800caa0                Vector17C
                0x000000000800caa0                Vector48
                0x000000000800caa0                Vector1A8
                0x000000000800caa0                Vector16C
                0x000000000800caa0                Vector4C
                0x000000000800caa0                Vector144
                0x000000000800caa0                Vector15C
                0x000000000800caa0                Vector68
                0x000000000800caa0                _unhandled_exception
                0x000000000800caa0                Vector170
                0x000000000800caa0                Vector88
                0x000000000800caa0                Vector104
                0x000000000800caa0                Vector184
                0x000000000800caa0                Vector10C
                0x000000000800caa0                Vector14C
                0x000000000800caa0                BusFault_Handler
                0x000000000800caa0                Vector50
                0x000000000800caa0                Vector194
                0x000000000800caa0                Vector44
                0x000000000800caa0                Vector28
                0x000000000800caa0                VectorB8
                0x000000000800caa0                Vector34
                0x000000000800caa0                VectorA4
                0x000000000800caa0                Vector20
                0x000000000800caa0                Vector18C
                0x000000000800caa0                Vector174
 *fill*         0x000000000800caa4        0xc 
 .text.__init_ram_areas
                0x000000000800cab0       0x60 /tmp/ccY2Qono.ltrans11.ltrans.o
                0x000000000800cab0                __init_ram_areas
 .text.__default_exit
                0x000000000800cb10        0x4 /tmp/ccY2Qono.ltrans11.ltrans.o
                0x000000000800cb10                __default_exit
 *fill*         0x000000000800cb14        0xc 
 .text.__late_init
                0x000000000800cb20        0x4 /tmp/ccY2Qono.ltrans11.ltrans.o
                0x000000000800cb20                __late_init
 *fill*         0x000000000800cb24        0xc 
 .text.__core_init
                0x000000000800cb30        0x4 /tmp/ccY2Qono.ltrans11.ltrans.o
                0x000000000800cb30                __core_init
 *fill*         0x000000000800cb34        0xc 
 .text.ButtonEmr
                0x000000000800cb40      0x788 /tmp/ccY2Qono.ltrans12.ltrans.o
                0x000000000800cb40                ButtonEmr
 *fill*         0x000000000800d2c8        0x8 
 .text.rxend.lto_priv.76
                0x000000000800d2d0       0x10 /tmp/ccY2Qono.ltrans13.ltrans.o
                0x000000000800d2d0                rxend.lto_priv.76
 .text.espe_wire
                0x000000000800d2e0       0xd4 /tmp/ccY2Qono.ltrans13.ltrans.o
 *fill*         0x000000000800d3b4        0xc 
 .text.venta_ppu
                0x000000000800d3c0       0xa8 /tmp/ccY2Qono.ltrans13.ltrans.o
                0x000000000800d3c0                venta_ppu
 *fill*         0x000000000800d468        0x8 
 .text.unlikely.rx_ppu
                0x000000000800d470       0x5c /tmp/ccY2Qono.ltrans13.ltrans.o
                0x000000000800d470                rx_ppu
 *fill*         0x000000000800d4cc        0x4 
 .text.Imprimir
                0x000000000800d4d0       0x30 /tmp/ccY2Qono.ltrans13.ltrans.o
                0x000000000800d4d0                Imprimir
 .text.rx_especial
                0x000000000800d500      0x2d8 /tmp/ccY2Qono.ltrans13.ltrans.o
                0x000000000800d500                rx_especial
 *fill*         0x000000000800d7d8        0x8 
 .text.Status_2
                0x000000000800d7e0       0x20 /tmp/ccY2Qono.ltrans13.ltrans.o
                0x000000000800d7e0                Status_2
 .text.Status_1
                0x000000000800d800       0x2c /tmp/ccY2Qono.ltrans13.ltrans.o
                0x000000000800d800                Status_1
 *fill*         0x000000000800d82c        0x4 
 .text.sd_punto
                0x000000000800d830       0x34 /tmp/ccY2Qono.ltrans13.ltrans.o
                0x000000000800d830                sd_punto
 *fill*         0x000000000800d864        0xc 
 .text.sd_dia   0x000000000800d870       0x80 /tmp/ccY2Qono.ltrans13.ltrans.o
                0x000000000800d870                sd_dia
 .text.sd_hora  0x000000000800d8f0       0x7c /tmp/ccY2Qono.ltrans13.ltrans.o
                0x000000000800d8f0                sd_hora
 *fill*         0x000000000800d96c        0x4 
 .text.check_fs
                0x000000000800d970       0x54 /tmp/ccY2Qono.ltrans14.ltrans.o
 *fill*         0x000000000800d9c4        0xc 
 .text.validate.lto_priv.125
                0x000000000800d9d0       0x30 /tmp/ccY2Qono.ltrans14.ltrans.o
                0x000000000800d9d0                validate.lto_priv.125
 .text.get_ldnumber.lto_priv.89
                0x000000000800da00       0x48 /tmp/ccY2Qono.ltrans14.ltrans.o
                0x000000000800da00                get_ldnumber.lto_priv.89
 *fill*         0x000000000800da48        0x8 
 .text.find_volume.lto_priv.87
                0x000000000800da50      0x284 /tmp/ccY2Qono.ltrans14.ltrans.o
                0x000000000800da50                find_volume.lto_priv.87
 *fill*         0x000000000800dcd4        0xc 
 .text.follow_path.lto_priv.129
                0x000000000800dce0      0x1f8 /tmp/ccY2Qono.ltrans14.ltrans.o
                0x000000000800dce0                follow_path.lto_priv.129
 *fill*         0x000000000800ded8        0x8 
 .text.dir_remove.lto_priv.127
                0x000000000800dee0       0x38 /tmp/ccY2Qono.ltrans14.ltrans.o
                0x000000000800dee0                dir_remove.lto_priv.127
 *fill*         0x000000000800df18        0x8 
 .text.dir_register.lto_priv.128
                0x000000000800df20       0x74 /tmp/ccY2Qono.ltrans14.ltrans.o
                0x000000000800df20                dir_register.lto_priv.128
 *fill*         0x000000000800df94        0xc 
 .text.f_open   0x000000000800dfa0      0x178 /tmp/ccY2Qono.ltrans14.ltrans.o
                0x000000000800dfa0                f_open
 *fill*         0x000000000800e118        0x8 
 .text.emr3_log
                0x000000000800e120       0xf8 /tmp/ccY2Qono.ltrans15.ltrans.o
                0x000000000800e120                emr3_log
 *fill*         0x000000000800e218        0x8 
 .text.emr3_sale2
                0x000000000800e220       0xf8 /tmp/ccY2Qono.ltrans15.ltrans.o
                0x000000000800e220                emr3_sale2
 *fill*         0x000000000800e318        0x8 
 .text.emr3_sale1
                0x000000000800e320       0xf8 /tmp/ccY2Qono.ltrans15.ltrans.o
                0x000000000800e320                emr3_sale1
 *fill*         0x000000000800e418        0x8 
 .text.borrar_sd2
                0x000000000800e420       0x58 /tmp/ccY2Qono.ltrans15.ltrans.o
                0x000000000800e420                borrar_sd2
 *fill*         0x000000000800e478        0x8 
 .text.borrar_sd1
                0x000000000800e480       0x58 /tmp/ccY2Qono.ltrans15.ltrans.o
                0x000000000800e480                borrar_sd1
 *fill*         0x000000000800e4d8        0x8 
 .text.unlikely.mult
                0x000000000800e4e0       0x20 /tmp/ccY2Qono.ltrans15.ltrans.o
                0x000000000800e4e0                mult
 .text.unlikely.Pf_p
                0x000000000800e500      0x1cc /tmp/ccY2Qono.ltrans15.ltrans.o
                0x000000000800e500                Pf_p
 *fill*         0x000000000800e6cc        0x4 
 .text.unlikely.f_pf
                0x000000000800e6d0      0x280 /tmp/ccY2Qono.ltrans15.ltrans.o
                0x000000000800e6d0                f_pf
 .text.LeerTotales
                0x000000000800e950      0x134 /tmp/ccY2Qono.ltrans15.ltrans.o
                0x000000000800e950                LeerTotales
 *fill*         0x000000000800ea84        0xc 
 .text.chThdDequeueNextI.constprop.51
                0x000000000800ea90       0x34 /tmp/ccY2Qono.ltrans16.ltrans.o
                0x000000000800ea90                chThdDequeueNextI.constprop.51
 *fill*         0x000000000800eac4        0xc 
 .text.chEvtBroadcastFlagsI.constprop.49
                0x000000000800ead0       0x94 /tmp/ccY2Qono.ltrans16.ltrans.o
                0x000000000800ead0                chEvtBroadcastFlagsI.constprop.49
 *fill*         0x000000000800eb64        0xc 
 .text.LCDSetCursor.constprop.5
                0x000000000800eb70       0x28 /tmp/ccY2Qono.ltrans16.ltrans.o
                0x000000000800eb70                LCDSetCursor.constprop.5
 *fill*         0x000000000800eb98        0x8 
 .text.LCDBegin.constprop.4
                0x000000000800eba0       0xa8 /tmp/ccY2Qono.ltrans16.ltrans.o
                0x000000000800eba0                LCDBegin.constprop.4
 *fill*         0x000000000800ec48        0x8 
 .text.LCDPrintRow.constprop.3
                0x000000000800ec50       0x40 /tmp/ccY2Qono.ltrans16.ltrans.o
                0x000000000800ec50                LCDPrintRow.constprop.3
 .text.chThdCreateStatic.constprop.55
                0x000000000800ec90      0x178 /tmp/ccY2Qono.ltrans16.ltrans.o
                0x000000000800ec90                chThdCreateStatic.constprop.55
 *fill*         0x000000000800ee08        0x8 
 .text.chEvtRegisterMaskWithFlags.constprop.50
                0x000000000800ee10       0x70 /tmp/ccY2Qono.ltrans16.ltrans.o
                0x000000000800ee10                chEvtRegisterMaskWithFlags.constprop.50
 .text.uartStartSend.constprop.27
                0x000000000800ee80       0xb0 /tmp/ccY2Qono.ltrans16.ltrans.o
                0x000000000800ee80                uartStartSend.constprop.27
 .text.uartStopSend.constprop.25
                0x000000000800ef30       0x8c /tmp/ccY2Qono.ltrans16.ltrans.o
                0x000000000800ef30                uartStopSend.constprop.25
 *fill*         0x000000000800efbc        0x4 
 .text.uartStartReceive.constprop.23
                0x000000000800efc0       0xb4 /tmp/ccY2Qono.ltrans16.ltrans.o
                0x000000000800efc0                uartStartReceive.constprop.23
 *fill*         0x000000000800f074        0xc 
 .text.uartStopReceive.constprop.21
                0x000000000800f080       0xb4 /tmp/ccY2Qono.ltrans16.ltrans.o
                0x000000000800f080                uartStopReceive.constprop.21
 *fill*         0x000000000800f134        0xc 
 .text.unlikely.sd_volumen
                0x000000000800f140      0x1d8 /tmp/ccY2Qono.ltrans17.ltrans.o
                0x000000000800f140                sd_volumen
 *fill*         0x000000000800f318        0x8 
 .text.ascii    0x000000000800f320       0x5c /tmp/ccY2Qono.ltrans18.ltrans.o
                0x000000000800f320                ascii
 *fill*         0x000000000800f37c        0x4 
 .text.ConfEmr3
                0x000000000800f380       0xe0 /tmp/ccY2Qono.ltrans18.ltrans.o
                0x000000000800f380                ConfEmr3
 .text.desconexion
                0x000000000800f460      0x128 /tmp/ccY2Qono.ltrans18.ltrans.o
                0x000000000800f460                desconexion
 *fill*         0x000000000800f588        0x8 
 .text.LED_thread_3.lto_priv.64
                0x000000000800f590       0x8c /tmp/ccY2Qono.ltrans19.ltrans.o
                0x000000000800f590                LED_thread_3.lto_priv.64
 *fill*         0x000000000800f61c        0x4 
 .text.LCDPrintRow2.constprop.2
                0x000000000800f620       0x40 /tmp/ccY2Qono.ltrans20.ltrans.o
                0x000000000800f620                LCDPrintRow2.constprop.2
 .text.unlikely.data_recibo.constprop.1
                0x000000000800f660       0x44 /tmp/ccY2Qono.ltrans20.ltrans.o
                0x000000000800f660                data_recibo.constprop.1
 *(.rodata)
 *(.rodata.*)
 *fill*         0x000000000800f6a4        0xc 
 .rodata.Thread1.lto_priv.65.str1.4
                0x000000000800f6b0      0x11d /tmp/ccY2Qono.ltrans0.ltrans.o
 *fill*         0x000000000800f7cd        0x3 
 .rodata.SD_thread_2.lto_priv.66.str1.4
                0x000000000800f7d0        0x5 /tmp/ccY2Qono.ltrans1.ltrans.o
 *fill*         0x000000000800f7d5        0xb 
 .rodata.__func__.5976.lto_priv.70
                0x000000000800f7e0        0xc /tmp/ccY2Qono.ltrans2.ltrans.o
 *fill*         0x000000000800f7ec        0x4 
 .rodata.__func__.5976.lto_priv.71
                0x000000000800f7f0        0xc /tmp/ccY2Qono.ltrans2.ltrans.o
                0x000000000800f7f0                __func__.5976.lto_priv.71
 *fill*         0x000000000800f7fc        0x4 
 .rodata.__func__.7673
                0x000000000800f800        0x9 /tmp/ccY2Qono.ltrans2.ltrans.o
 *fill*         0x000000000800f809        0x7 
 .rodata.__func__.7676
                0x000000000800f810        0xa /tmp/ccY2Qono.ltrans2.ltrans.o
 *fill*         0x000000000800f81a        0x6 
 .rodata.__func__.7717
                0x000000000800f820        0x8 /tmp/ccY2Qono.ltrans2.ltrans.o
 *fill*         0x000000000800f828        0x8 
 .rodata.__func__.7719
                0x000000000800f830        0xf /tmp/ccY2Qono.ltrans2.ltrans.o
 *fill*         0x000000000800f83f        0x1 
 .rodata._stm32_dma_streams
                0x000000000800f840       0xc0 /tmp/ccY2Qono.ltrans2.ltrans.o
 .rodata.ch_debug
                0x000000000800f900       0x16 /tmp/ccY2Qono.ltrans2.ltrans.o
 *fill*         0x000000000800f916        0xa 
 .rodata.hs_spicfg
                0x000000000800f920        0xc /tmp/ccY2Qono.ltrans2.ltrans.o
 *fill*         0x000000000800f92c        0x4 
 .rodata.ls_spicfg
                0x000000000800f930        0xc /tmp/ccY2Qono.ltrans2.ltrans.o
 *fill*         0x000000000800f93c        0x4 
 .rodata.main.str1.4
                0x000000000800f940      0x217 /tmp/ccY2Qono.ltrans2.ltrans.o
                                        0x23f (size before relaxing)
 *fill*         0x000000000800fb57        0x9 
 .rodata.mmc_vmt
                0x000000000800fb60       0x20 /tmp/ccY2Qono.ltrans2.ltrans.o
 .rodata.vmt    0x000000000800fb80       0x20 /tmp/ccY2Qono.ltrans2.ltrans.o
 .rodata.wdgcfg
                0x000000000800fba0        0x8 /tmp/ccY2Qono.ltrans2.ltrans.o
 *fill*         0x000000000800fba8        0x8 
 .rodata.__func__.6757
                0x000000000800fbb0        0xd /tmp/ccY2Qono.ltrans4.ltrans.o
 *fill*         0x000000000800fbbd        0x3 
 .rodata.__func__.8223.lto_priv.147
                0x000000000800fbc0       0x16 /tmp/ccY2Qono.ltrans4.ltrans.o
                0x000000000800fbc0                __func__.8223.lto_priv.147
 *fill*         0x000000000800fbd6        0xa 
 .rodata.__func__.8235.lto_priv.146
                0x000000000800fbe0       0x13 /tmp/ccY2Qono.ltrans4.ltrans.o
                0x000000000800fbe0                __func__.8235.lto_priv.146
 *fill*         0x000000000800fbf3        0xd 
 .rodata.__func__.8240.lto_priv.144
                0x000000000800fc00       0x17 /tmp/ccY2Qono.ltrans4.ltrans.o
                0x000000000800fc00                __func__.8240.lto_priv.144
 *fill*         0x000000000800fc17        0x9 
 .rodata.stop.8239.lto_priv.145
                0x000000000800fc20        0x2 /tmp/ccY2Qono.ltrans4.ltrans.o
                0x000000000800fc20                stop.8239.lto_priv.145
 *fill*         0x000000000800fc22        0xe 
 .rodata.uart_lld_serve_tx_end_irq.lto_priv.73.str1.4
                0x000000000800fc30        0xc /tmp/ccY2Qono.ltrans4.ltrans.o
 *fill*         0x000000000800fc3c        0x4 
 .rodata.__func__.5976.lto_priv.150
                0x000000000800fc40        0xc /tmp/ccY2Qono.ltrans5.ltrans.o
                0x000000000800fc40                __func__.5976.lto_priv.150
 *fill*         0x000000000800fc4c        0x4 
 .rodata.__func__.5976.lto_priv.151
                0x000000000800fc50        0xc /tmp/ccY2Qono.ltrans5.ltrans.o
 *fill*         0x000000000800fc5c        0x4 
 .rodata.__func__.6354
                0x000000000800fc60        0xc /tmp/ccY2Qono.ltrans5.ltrans.o
 *fill*         0x000000000800fc6c        0x4 
 .rodata.__func__.6738
                0x000000000800fc70       0x11 /tmp/ccY2Qono.ltrans5.ltrans.o
 *fill*         0x000000000800fc81        0xf 
 .rodata.__func__.7675
                0x000000000800fc90       0x11 /tmp/ccY2Qono.ltrans5.ltrans.o
 *fill*         0x000000000800fca1        0xf 
 .rodata.__func__.7679
                0x000000000800fcb0        0xb /tmp/ccY2Qono.ltrans5.ltrans.o
 *fill*         0x000000000800fcbb        0x5 
 .rodata.__func__.8192
                0x000000000800fcc0        0xb /tmp/ccY2Qono.ltrans5.ltrans.o
 *fill*         0x000000000800fccb        0x5 
 .rodata.__func__.8204
                0x000000000800fcd0        0xe /tmp/ccY2Qono.ltrans5.ltrans.o
 *fill*         0x000000000800fcde        0x2 
 .rodata.__func__.8209
                0x000000000800fce0       0x17 /tmp/ccY2Qono.ltrans5.ltrans.o
 *fill*         0x000000000800fcf7        0x9 
 .rodata.__func__.8215
                0x000000000800fd00       0x12 /tmp/ccY2Qono.ltrans5.ltrans.o
 *fill*         0x000000000800fd12        0xe 
 .rodata.__func__.8228
                0x000000000800fd20       0x18 /tmp/ccY2Qono.ltrans5.ltrans.o
 *fill*         0x000000000800fd38        0x8 
 .rodata.__func__.8244
                0x000000000800fd40        0x8 /tmp/ccY2Qono.ltrans5.ltrans.o
 *fill*         0x000000000800fd48        0x8 
 .rodata.__func__.8249
                0x000000000800fd50        0xb /tmp/ccY2Qono.ltrans5.ltrans.o
 *fill*         0x000000000800fd5b        0x5 
 .rodata.crc7_lookup_table
                0x000000000800fd60      0x100 /tmp/ccY2Qono.ltrans5.ltrans.o
 .rodata.start.8233
                0x000000000800fe60        0x2 /tmp/ccY2Qono.ltrans5.ltrans.o
 *fill*         0x000000000800fe62        0xe 
 .rodata.stopcmd.8222
                0x000000000800fe70        0x7 /tmp/ccY2Qono.ltrans5.ltrans.o
 *fill*         0x000000000800fe77        0x9 
 .rodata.__func__.5976
                0x000000000800fe80        0xc /tmp/ccY2Qono.ltrans6.ltrans.o
 *fill*         0x000000000800fe8c        0x4 
 .rodata.__func__.6065
                0x000000000800fe90        0xc /tmp/ccY2Qono.ltrans6.ltrans.o
 *fill*         0x000000000800fe9c        0x4 
 .rodata.__func__.7676
                0x000000000800fea0        0x9 /tmp/ccY2Qono.ltrans6.ltrans.o
 *fill*         0x000000000800fea9        0x7 
 .rodata.__func__.7680
                0x000000000800feb0        0x8 /tmp/ccY2Qono.ltrans6.ltrans.o
 *fill*         0x000000000800feb8        0x8 
 .rodata.__func__.7684
                0x000000000800fec0        0xa /tmp/ccY2Qono.ltrans6.ltrans.o
 *fill*         0x000000000800feca        0x6 
 .rodata.__func__.7688
                0x000000000800fed0        0xc /tmp/ccY2Qono.ltrans6.ltrans.o
 *fill*         0x000000000800fedc        0x4 
 .rodata.__func__.7690
                0x000000000800fee0        0xe /tmp/ccY2Qono.ltrans6.ltrans.o
 *fill*         0x000000000800feee        0x2 
 .rodata.__func__.7717
                0x000000000800fef0        0xa /tmp/ccY2Qono.ltrans6.ltrans.o
 *fill*         0x000000000800fefa        0x6 
 .rodata.__func__.7730
                0x000000000800ff00        0x8 /tmp/ccY2Qono.ltrans6.ltrans.o
 *fill*         0x000000000800ff08        0x8 
 .rodata.__func__.7736
                0x000000000800ff10        0xb /tmp/ccY2Qono.ltrans6.ltrans.o
 *fill*         0x000000000800ff1b        0x5 
 .rodata.__func__.7750
                0x000000000800ff20       0x12 /tmp/ccY2Qono.ltrans6.ltrans.o
 *fill*         0x000000000800ff32        0xe 
 .rodata.__func__.7757
                0x000000000800ff40       0x11 /tmp/ccY2Qono.ltrans6.ltrans.o
 *fill*         0x000000000800ff51        0xf 
 .rodata.ConfInicial.str1.4
                0x000000000800ff60       0x25 /tmp/ccY2Qono.ltrans9.ltrans.o
                                         0x39 (size before relaxing)
 *fill*         0x000000000800ff85        0xb 
 .rodata.__func__.6150
                0x000000000800ff90        0xc /tmp/ccY2Qono.ltrans11.ltrans.o
 *fill*         0x000000000800ff9c        0x4 
 .rodata.__func__.6679
                0x000000000800ffa0        0xc /tmp/ccY2Qono.ltrans11.ltrans.o
 *fill*         0x000000000800ffac        0x4 
 .rodata.__func__.6682
                0x000000000800ffb0        0xb /tmp/ccY2Qono.ltrans11.ltrans.o
 *fill*         0x000000000800ffbb        0x5 
 .rodata.__func__.6702
                0x000000000800ffc0       0x10 /tmp/ccY2Qono.ltrans11.ltrans.o
 .rodata.__func__.6735
                0x000000000800ffd0        0xb /tmp/ccY2Qono.ltrans11.ltrans.o
 *fill*         0x000000000800ffdb        0x5 
 .rodata.__func__.6745
                0x000000000800ffe0        0xe /tmp/ccY2Qono.ltrans11.ltrans.o
 *fill*         0x000000000800ffee        0x2 
 .rodata.__func__.7672
                0x000000000800fff0        0xd /tmp/ccY2Qono.ltrans11.ltrans.o
 *fill*         0x000000000800fffd        0x3 
 .rodata._dbg_check_enter_isr.str1.4
                0x0000000008010000        0x5 /tmp/ccY2Qono.ltrans11.ltrans.o
 *fill*         0x0000000008010005        0xb 
 .rodata._dbg_check_leave_isr.str1.4
                0x0000000008010010        0x5 /tmp/ccY2Qono.ltrans11.ltrans.o
 *fill*         0x0000000008010015        0xb 
 .rodata._dbg_check_lock.str1.4
                0x0000000008010020        0x5 /tmp/ccY2Qono.ltrans11.ltrans.o
 *fill*         0x0000000008010025        0xb 
 .rodata._dbg_check_lock_from_isr.str1.4
                0x0000000008010030        0x5 /tmp/ccY2Qono.ltrans11.ltrans.o
 *fill*         0x0000000008010035        0xb 
 .rodata._dbg_check_unlock.str1.4
                0x0000000008010040        0x5 /tmp/ccY2Qono.ltrans11.ltrans.o
 *fill*         0x0000000008010045        0xb 
 .rodata._dbg_check_unlock_from_isr.str1.4
                0x0000000008010050        0x5 /tmp/ccY2Qono.ltrans11.ltrans.o
 *fill*         0x0000000008010055        0xb 
 .rodata.chDbgCheckClassI.str1.4
                0x0000000008010060        0x6 /tmp/ccY2Qono.ltrans11.ltrans.o
 *fill*         0x0000000008010066        0xa 
 .rodata.chDbgCheckClassS.str1.4
                0x0000000008010070        0x6 /tmp/ccY2Qono.ltrans11.ltrans.o
 *fill*         0x0000000008010076        0xa 
 .rodata.chSchDoReschedule.str1.4
                0x0000000008010080        0xf /tmp/ccY2Qono.ltrans11.ltrans.o
 *fill*         0x000000000801008f        0x1 
 .rodata.ram_areas
                0x0000000008010090       0x80 /tmp/ccY2Qono.ltrans11.ltrans.o
 .rodata.ExCvt  0x0000000008010110       0x80 /tmp/ccY2Qono.ltrans14.ltrans.o
 .rodata.follow_path.lto_priv.129.str1.4
                0x0000000008010190        0xf /tmp/ccY2Qono.ltrans14.ltrans.o
 *fill*         0x000000000801019f        0x1 
 .rodata.borrar_sd1.str1.4
                0x00000000080101a0       0x24 /tmp/ccY2Qono.ltrans15.ltrans.o
                                         0x47 (size before relaxing)
 *fill*         0x00000000080101c4        0xc 
 .rodata.borrar_sd2.str1.4
                0x00000000080101d0       0x24 /tmp/ccY2Qono.ltrans15.ltrans.o
                                         0x47 (size before relaxing)
 *fill*         0x00000000080101f4        0xc 
 .rodata.__func__.5976.lto_priv.61
                0x0000000008010200        0xc /tmp/ccY2Qono.ltrans16.ltrans.o
                0x0000000008010200                __func__.5976.lto_priv.61
 *fill*         0x000000000801020c        0x4 
 .rodata.__func__.5976.lto_priv.62
                0x0000000008010210        0xc /tmp/ccY2Qono.ltrans16.ltrans.o
 *fill*         0x000000000801021c        0x4 
 .rodata.__func__.5976.lto_priv.63
                0x0000000008010220        0xc /tmp/ccY2Qono.ltrans16.ltrans.o
                0x0000000008010220                __func__.5976.lto_priv.63
 *fill*         0x000000000801022c        0x4 
 .rodata.__func__.6162
                0x0000000008010230       0x14 /tmp/ccY2Qono.ltrans16.ltrans.o
 *fill*         0x0000000008010244        0xc 
 .rodata.__func__.6677
                0x0000000008010250       0x1b /tmp/ccY2Qono.ltrans16.ltrans.o
 *fill*         0x000000000801026b        0x5 
 .rodata.__func__.6691
                0x0000000008010270        0xd /tmp/ccY2Qono.ltrans16.ltrans.o
 *fill*         0x000000000801027d        0x3 
 .rodata.__func__.6707
                0x0000000008010280        0xd /tmp/ccY2Qono.ltrans16.ltrans.o
 *fill*         0x000000000801028d        0x3 
 .rodata.__func__.6716
                0x0000000008010290        0xd /tmp/ccY2Qono.ltrans16.ltrans.o
 *fill*         0x000000000801029d        0x3 
 .rodata.__func__.7686
                0x00000000080102a0        0xe /tmp/ccY2Qono.ltrans16.ltrans.o
 *fill*         0x00000000080102ae        0x2 
 .rodata.__func__.7697
                0x00000000080102b0        0xd /tmp/ccY2Qono.ltrans16.ltrans.o
 *fill*         0x00000000080102bd        0x3 
 .rodata.__func__.7708
                0x00000000080102c0       0x11 /tmp/ccY2Qono.ltrans16.ltrans.o
 *fill*         0x00000000080102d1        0xf 
 .rodata.__func__.7719
                0x00000000080102e0       0x10 /tmp/ccY2Qono.ltrans16.ltrans.o
 .rodata.chThdCreateStatic.constprop.55.str1.4
                0x00000000080102f0        0xf /tmp/ccY2Qono.ltrans16.ltrans.o
 .rodata.desconexion.str1.4
                0x00000000080102f0       0x11 /tmp/ccY2Qono.ltrans18.ltrans.o
 .rodata.LED_thread_3.lto_priv.64.str1.4
                0x00000000080102f0        0x4 /tmp/ccY2Qono.ltrans19.ltrans.o
 *fill*         0x00000000080102f4        0xc 
 .rodata.__func__.7681
                0x0000000008010300        0x9 /tmp/ccY2Qono.ltrans19.ltrans.o
 *(.glue_7t)
 .glue_7t       0x0000000008010309        0x0 linker stubs
 *(.glue_7)
 .glue_7        0x0000000008010309        0x0 linker stubs
 *(.gcc*)

.vfp11_veneer   0x000000000801030c        0x0
 .vfp11_veneer  0x000000000801030c        0x0 linker stubs

.v4_bx          0x000000000801030c        0x0
 .v4_bx         0x000000000801030c        0x0 linker stubs

.iplt           0x000000000801030c        0x0
 .iplt          0x000000000801030c        0x0 build/obj/crt0_v7m.o

.ARM.extab
 *(.ARM.extab* .gnu.linkonce.armextab.*)

.ARM.exidx      0x000000000801030c        0x8
                0x000000000801030c                __exidx_start = .
 *(.ARM.exidx* .gnu.linkonce.armexidx.*)
 .ARM.exidx     0x000000000801030c        0x8 /home/leonardo/Descargas/gcc-arm-none-eabi-6-2017-q1-update/bin/../lib/gcc/arm-none-eabi/6.3.1/thumb/v7e-m/libgcc.a(_udivmoddi4.o)
                0x0000000008010314                __exidx_end = .

.rel.dyn        0x0000000008010314        0x0
 .rel.iplt      0x0000000008010314        0x0 build/obj/crt0_v7m.o

.eh_frame_hdr
 *(.eh_frame_hdr)

.eh_frame
 *(.eh_frame)

.textalign      0x0000000008010314        0x4
                0x0000000008010318                . = ALIGN (0x8)
 *fill*         0x0000000008010314        0x4 
                0x0000000008010318                . = ALIGN (0x4)
                [!provide]                        PROVIDE (_etext, .)

.mstack         0x0000000020000000      0x400
                0x0000000020000000                . = ALIGN (0x8)
                0x0000000020000000                __main_stack_base__ = .
                0x0000000020000400                . = (. + __main_stack_size__)
 *fill*         0x0000000020000000      0x400 
                0x0000000020000400                . = ALIGN (0x8)
                0x0000000020000400                __main_stack_end__ = .

.pstack         0x0000000020000400      0x400
                0x0000000020000400                __process_stack_base__ = .
                0x0000000020000400                __main_thread_stack_base__ = .
                0x0000000020000800                . = (. + __process_stack_size__)
 *fill*         0x0000000020000400      0x400 
                0x0000000020000800                . = ALIGN (0x8)
                0x0000000020000800                __process_stack_end__ = .
                0x0000000020000800                __main_thread_stack_end__ = .

.data           0x0000000020000800      0x100 load address 0x0000000008010318
                0x0000000020000800                . = ALIGN (0x4)
                [!provide]                        PROVIDE (_textdata, LOADADDR (.data))
                [!provide]                        PROVIDE (_data, .)
                0x0000000008010318                _textdata_start = LOADADDR (.data)
                0x0000000020000800                _data_start = .
 *(.data)
 *(.data.*)
 .data.TURNO    0x0000000020000800        0x1 /tmp/ccY2Qono.ltrans0.ltrans.o
 *fill*         0x0000000020000801        0x3 
 .data.DINERO1.lto_priv.112
                0x0000000020000804        0x8 /tmp/ccY2Qono.ltrans2.ltrans.o
                0x0000000020000804                DINERO1.lto_priv.112
 .data.DINERO2.lto_priv.113
                0x000000002000080c        0x8 /tmp/ccY2Qono.ltrans2.ltrans.o
                0x000000002000080c                DINERO2.lto_priv.113
 .data.ENTER_INIC
                0x0000000020000814        0x2 /tmp/ccY2Qono.ltrans2.ltrans.o
 *fill*         0x0000000020000816        0x2 
 .data.FECHA.lto_priv.100
                0x0000000020000818        0xb /tmp/ccY2Qono.ltrans2.ltrans.o
                0x0000000020000818                FECHA.lto_priv.100
 *fill*         0x0000000020000823        0x1 
 .data.HORA.lto_priv.101
                0x0000000020000824        0x9 /tmp/ccY2Qono.ltrans2.ltrans.o
                0x0000000020000824                HORA.lto_priv.101
 *fill*         0x000000002000082d        0x3 
 .data.LEVEL1_PPU.lto_priv.102
                0x0000000020000830        0x2 /tmp/ccY2Qono.ltrans2.ltrans.o
                0x0000000020000830                LEVEL1_PPU.lto_priv.102
 *fill*         0x0000000020000832        0x2 
 .data.LEVEL2_PPU.lto_priv.104
                0x0000000020000834        0x2 /tmp/ccY2Qono.ltrans2.ltrans.o
                0x0000000020000834                LEVEL2_PPU.lto_priv.104
 *fill*         0x0000000020000836        0x2 
 .data.MON_POINT.lto_priv.98
                0x0000000020000838        0x2 /tmp/ccY2Qono.ltrans2.ltrans.o
                0x0000000020000838                MON_POINT.lto_priv.98
 *fill*         0x000000002000083a        0x2 
 .data.PPU_LEVEL1.lto_priv.106
                0x000000002000083c        0x6 /tmp/ccY2Qono.ltrans2.ltrans.o
                0x000000002000083c                PPU_LEVEL1.lto_priv.106
 *fill*         0x0000000020000842        0x2 
 .data.PPU_LEVEL2.lto_priv.107
                0x0000000020000844        0x6 /tmp/ccY2Qono.ltrans2.ltrans.o
                0x0000000020000844                PPU_LEVEL2.lto_priv.107
 *fill*         0x000000002000084a        0x2 
 .data.PPU_POINT.lto_priv.97
                0x000000002000084c        0x2 /tmp/ccY2Qono.ltrans2.ltrans.o
                0x000000002000084c                PPU_POINT.lto_priv.97
 *fill*         0x000000002000084e        0x2 
 .data.PPU_VENTA1.lto_priv.103
                0x0000000020000850        0x6 /tmp/ccY2Qono.ltrans2.ltrans.o
                0x0000000020000850                PPU_VENTA1.lto_priv.103
 *fill*         0x0000000020000856        0x2 
 .data.PPU_VENTA2.lto_priv.105
                0x0000000020000858        0x6 /tmp/ccY2Qono.ltrans2.ltrans.o
                0x0000000020000858                PPU_VENTA2.lto_priv.105
 *fill*         0x000000002000085e        0x2 
 .data.PRESET1.lto_priv.115
                0x0000000020000860        0x9 /tmp/ccY2Qono.ltrans2.ltrans.o
                0x0000000020000860                PRESET1.lto_priv.115
 *fill*         0x0000000020000869        0x3 
 .data.PRESET2.lto_priv.116
                0x000000002000086c        0x9 /tmp/ccY2Qono.ltrans2.ltrans.o
                0x000000002000086c                PRESET2.lto_priv.116
 *fill*         0x0000000020000875        0x3 
 .data.Status1.lto_priv.96
                0x0000000020000878        0x5 /tmp/ccY2Qono.ltrans2.ltrans.o
                0x0000000020000878                Status1.lto_priv.96
 *fill*         0x000000002000087d        0x3 
 .data.Status2.lto_priv.95
                0x0000000020000880        0x3 /tmp/ccY2Qono.ltrans2.ltrans.o
                0x0000000020000880                Status2.lto_priv.95
 *fill*         0x0000000020000883        0x1 
 .data.T_DINERO1.lto_priv.110
                0x0000000020000884        0xa /tmp/ccY2Qono.ltrans2.ltrans.o
                0x0000000020000884                T_DINERO1.lto_priv.110
 *fill*         0x000000002000088e        0x2 
 .data.T_DINERO2.lto_priv.111
                0x0000000020000890        0xa /tmp/ccY2Qono.ltrans2.ltrans.o
                0x0000000020000890                T_DINERO2.lto_priv.111
 *fill*         0x000000002000089a        0x2 
 .data.T_VOL1.lto_priv.108
                0x000000002000089c        0xa /tmp/ccY2Qono.ltrans2.ltrans.o
                0x000000002000089c                T_VOL1.lto_priv.108
 *fill*         0x00000000200008a6        0x2 
 .data.T_VOL2.lto_priv.109
                0x00000000200008a8        0xa /tmp/ccY2Qono.ltrans2.ltrans.o
                0x00000000200008a8                T_VOL2.lto_priv.109
 *fill*         0x00000000200008b2        0x2 
 .data.VOL1.lto_priv.114
                0x00000000200008b4        0x8 /tmp/ccY2Qono.ltrans2.ltrans.o
                0x00000000200008b4                VOL1.lto_priv.114
 .data.VOL2     0x00000000200008bc        0x8 /tmp/ccY2Qono.ltrans2.ltrans.o
 .data.VOL_POINT.lto_priv.99
                0x00000000200008c4        0x2 /tmp/ccY2Qono.ltrans2.ltrans.o
                0x00000000200008c4                VOL_POINT.lto_priv.99
 *fill*         0x00000000200008c6        0x2 
 .data.mmccfg   0x00000000200008c8        0xc /tmp/ccY2Qono.ltrans2.ltrans.o
 .data.uart_cfg_1
                0x00000000200008d4        0xc /tmp/ccY2Qono.ltrans2.ltrans.o
 .data.uart_cfg_2
                0x00000000200008e0       0x20 /tmp/ccY2Qono.ltrans2.ltrans.o
 *(.ramtext)
                0x0000000020000900                . = ALIGN (0x4)
                [!provide]                        PROVIDE (_edata, .)
                0x0000000020000900                _data_end = .

.igot.plt       0x0000000020000900        0x0 load address 0x0000000008010418
 .igot.plt      0x0000000020000900        0x0 build/obj/crt0_v7m.o

.bss            0x0000000020000900     0x1410 load address 0x0000000008010418
                0x0000000020000900                . = ALIGN (0x4)
                0x0000000020000900                _bss_start = .
 *(.bss)
 *(.bss.*)
 .bss.ACTU      0x0000000020000900        0x1 /tmp/ccY2Qono.ltrans0.ltrans.o
 .bss.POS1_A    0x0000000020000901        0x1 /tmp/ccY2Qono.ltrans0.ltrans.o
 .bss.POS2_A    0x0000000020000902        0x1 /tmp/ccY2Qono.ltrans0.ltrans.o
 .bss.cons_emr3
                0x0000000020000903        0x1 /tmp/ccY2Qono.ltrans0.ltrans.o
 *fill*         0x0000000020000904        0x4 
 .bss.float_data
                0x0000000020000908        0x8 /tmp/ccY2Qono.ltrans0.ltrans.o
                0x0000000020000908                float_data
 .bss.lcd_out   0x0000000020000910       0x10 /tmp/ccY2Qono.ltrans0.ltrans.o
 .bss.sel_pos   0x0000000020000920        0x1 /tmp/ccY2Qono.ltrans0.ltrans.o
 *fill*         0x0000000020000921        0x3 
 .bss.recibo_wire
                0x0000000020000924       0x14 /tmp/ccY2Qono.ltrans1.ltrans.o
 .bss.Data_Rx.lto_priv.122
                0x0000000020000938       0x3c /tmp/ccY2Qono.ltrans2.ltrans.o
                0x0000000020000938                Data_Rx.lto_priv.122
 .bss.Data_Rx2.lto_priv.120
                0x0000000020000974       0x3c /tmp/ccY2Qono.ltrans2.ltrans.o
                0x0000000020000974                Data_Rx2.lto_priv.120
 .bss.Data_Rx3.lto_priv.92
                0x00000000200009b0       0x96 /tmp/ccY2Qono.ltrans2.ltrans.o
                0x00000000200009b0                Data_Rx3.lto_priv.92
 *fill*         0x0000000020000a46        0x2 
 .bss.Data_Rx4.lto_priv.90
                0x0000000020000a48       0x96 /tmp/ccY2Qono.ltrans2.ltrans.o
                0x0000000020000a48                Data_Rx4.lto_priv.90
 *fill*         0x0000000020000ade        0x2 
 .bss.Data_Tx.lto_priv.121
                0x0000000020000ae0       0x3c /tmp/ccY2Qono.ltrans2.ltrans.o
                0x0000000020000ae0                Data_Tx.lto_priv.121
 .bss.Data_Tx2.lto_priv.119
                0x0000000020000b1c       0x3c /tmp/ccY2Qono.ltrans2.ltrans.o
                0x0000000020000b1c                Data_Tx2.lto_priv.119
 .bss.Data_Tx3.lto_priv.93
                0x0000000020000b58       0x96 /tmp/ccY2Qono.ltrans2.ltrans.o
                0x0000000020000b58                Data_Tx3.lto_priv.93
 *fill*         0x0000000020000bee        0x2 
 .bss.Data_Tx4.lto_priv.91
                0x0000000020000bf0       0x96 /tmp/ccY2Qono.ltrans2.ltrans.o
                0x0000000020000bf0                Data_Tx4.lto_priv.91
 *fill*         0x0000000020000c86        0x2 
 .bss.FatFs.lto_priv.134
                0x0000000020000c88        0x4 /tmp/ccY2Qono.ltrans2.ltrans.o
                0x0000000020000c88                FatFs.lto_priv.134
 *fill*         0x0000000020000c8c        0x4 
 .bss.LED       0x0000000020000c90      0x168 /tmp/ccY2Qono.ltrans2.ltrans.o
 .bss.MMCD1     0x0000000020000df8       0x34 /tmp/ccY2Qono.ltrans2.ltrans.o
                0x0000000020000df8                MMCD1
 .bss.MMC_FS    0x0000000020000e2c      0x230 /tmp/ccY2Qono.ltrans2.ltrans.o
 *fill*         0x000000002000105c        0x4 
 .bss.SD        0x0000000020001060      0x1e8 /tmp/ccY2Qono.ltrans2.ltrans.o
 .bss.SPID1     0x0000000020001248       0x30 /tmp/ccY2Qono.ltrans2.ltrans.o
                0x0000000020001248                SPID1
 .bss.WDGD1     0x0000000020001278        0xc /tmp/ccY2Qono.ltrans2.ltrans.o
                0x0000000020001278                WDGD1
 .bss.data_log  0x0000000020001284       0x3c /tmp/ccY2Qono.ltrans2.ltrans.o
 .bss.default_heap
                0x00000000200012c0       0x20 /tmp/ccY2Qono.ltrans2.ltrans.o
 .bss.dma_isr_redir.lto_priv.137
                0x00000000200012e0       0x80 /tmp/ccY2Qono.ltrans2.ltrans.o
                0x00000000200012e0                dma_isr_redir.lto_priv.137
 .bss.dma_streams_mask.lto_priv.136
                0x0000000020001360        0x4 /tmp/ccY2Qono.ltrans2.ltrans.o
                0x0000000020001360                dma_streams_mask.lto_priv.136
 .bss.dummytx.lto_priv.138
                0x0000000020001364        0x2 /tmp/ccY2Qono.ltrans2.ltrans.o
                0x0000000020001364                dummytx.lto_priv.138
 *fill*         0x0000000020001366        0x2 
 .bss.endmem.lto_priv.148
                0x0000000020001368        0x4 /tmp/ccY2Qono.ltrans2.ltrans.o
                0x0000000020001368                endmem.lto_priv.148
 .bss.inserted_event
                0x000000002000136c        0x4 /tmp/ccY2Qono.ltrans2.ltrans.o
 .bss.lcd_out   0x0000000020001370       0x10 /tmp/ccY2Qono.ltrans2.ltrans.o
 .bss.log_Rx.lto_priv.118
                0x0000000020001380       0x3c /tmp/ccY2Qono.ltrans2.ltrans.o
                0x0000000020001380                log_Rx.lto_priv.118
 .bss.log_Tx.lto_priv.117
                0x00000000200013bc       0x3c /tmp/ccY2Qono.ltrans2.ltrans.o
                0x00000000200013bc                log_Tx.lto_priv.117
 .bss.nextmem.lto_priv.149
                0x00000000200013f8        0x4 /tmp/ccY2Qono.ltrans2.ltrans.o
                0x00000000200013f8                nextmem.lto_priv.149
 .bss.removed_event
                0x00000000200013fc        0x4 /tmp/ccY2Qono.ltrans2.ltrans.o
 .bss.ventas_1.lto_priv.124
                0x0000000020001400        0x1 /tmp/ccY2Qono.ltrans2.ltrans.o
                0x0000000020001400                ventas_1.lto_priv.124
 .bss.ventas_2.lto_priv.123
                0x0000000020001401        0x1 /tmp/ccY2Qono.ltrans2.ltrans.o
                0x0000000020001401                ventas_2.lto_priv.123
 *fill*         0x0000000020001402        0x6 
 .bss.waThread1
                0x0000000020001408      0x1e8 /tmp/ccY2Qono.ltrans2.ltrans.o
 .bss.dummyrx   0x00000000200015f0        0x2 /tmp/ccY2Qono.ltrans6.ltrans.o
 *fill*         0x00000000200015f2        0x2 
 .bss._data_pins
                0x00000000200015f4        0x4 /tmp/ccY2Qono.ltrans9.ltrans.o
 .bss.chec1     0x00000000200015f8        0x1 /tmp/ccY2Qono.ltrans13.ltrans.o
 .bss.chec2     0x00000000200015f9        0x1 /tmp/ccY2Qono.ltrans13.ltrans.o
 .bss.Fsid      0x00000000200015fa        0x2 /tmp/ccY2Qono.ltrans14.ltrans.o
 .bss.SD2       0x00000000200015fc       0x78 /tmp/ccY2Qono.ltrans16.ltrans.o
                0x00000000200015fc                SD2
 .bss.UARTD1    0x0000000020001674       0x1c /tmp/ccY2Qono.ltrans16.ltrans.o
                0x0000000020001674                UARTD1
 .bss._displayfunction
                0x0000000020001690        0x1 /tmp/ccY2Qono.ltrans16.ltrans.o
                0x0000000020001690                _displayfunction
 *fill*         0x0000000020001691        0x7 
 .bss.ch        0x0000000020001698      0x5d8 /tmp/ccY2Qono.ltrans16.ltrans.o
                0x0000000020001698                ch
 .bss.aux_pasos.lto_priv.94
                0x0000000020001c70        0x1 /tmp/ccY2Qono.ltrans20.ltrans.o
                0x0000000020001c70                aux_pasos.lto_priv.94
 *fill*         0x0000000020001c71        0x3 
 .bss.dato_emr3.lto_priv.67
                0x0000000020001c74       0x9b /tmp/ccY2Qono.ltrans20.ltrans.o
                0x0000000020001c74                dato_emr3.lto_priv.67
 *(COMMON)
                0x0000000020001d10                . = ALIGN (0x4)
 *fill*         0x0000000020001d0f        0x1 
                0x0000000020001d10                _bss_end = .
                [!provide]                        PROVIDE (end, .)

.ram0_init      0x0000000020001d10        0x0 load address 0x0000000008010418
                0x0000000020001d10                . = ALIGN (0x4)
                0x0000000008010418                __ram0_init_text__ = LOADADDR (.ram0_init)
                0x0000000020001d10                __ram0_init__ = .
 *(.ram0_init)
 *(.ram0_init.*)
                0x0000000020001d10                . = ALIGN (0x4)

.ram0           0x0000000020001d10        0x0 load address 0x0000000008010418
                0x0000000020001d10                . = ALIGN (0x4)
                0x0000000020001d10                __ram0_clear__ = .
 *(.ram0_clear)
 *(.ram0_clear.*)
                0x0000000020001d10                . = ALIGN (0x4)
                0x0000000020001d10                __ram0_noinit__ = .
 *(.ram0)
 *(.ram0.*)
                0x0000000020001d10                . = ALIGN (0x4)
                0x0000000020001d10                __ram0_free__ = .

.ram1_init      0x0000000020000000        0x0 load address 0x0000000008010418
                0x0000000020000000                . = ALIGN (0x4)
                0x0000000008010418                __ram1_init_text__ = LOADADDR (.ram1_init)
                0x0000000020000000                __ram1_init__ = .
 *(.ram1_init)
 *(.ram1_init.*)
                0x0000000020000000                . = ALIGN (0x4)

.ram1           0x0000000020000000        0x0 load address 0x0000000008010418
                0x0000000020000000                . = ALIGN (0x4)
                0x0000000020000000                __ram1_clear__ = .
 *(.ram1_clear)
 *(.ram1_clear.*)
                0x0000000020000000                . = ALIGN (0x4)
                0x0000000020000000                __ram1_noinit__ = .
 *(.ram1)
 *(.ram1.*)
                0x0000000020000000                . = ALIGN (0x4)
                0x0000000020000000                __ram1_free__ = .

.ram2_init      0x000000002001c000        0x0 load address 0x0000000008010418
                0x000000002001c000                . = ALIGN (0x4)
                0x0000000008010418                __ram2_init_text__ = LOADADDR (.ram2_init)
                0x000000002001c000                __ram2_init__ = .
 *(.ram2_init)
 *(.ram2_init.*)
                0x000000002001c000                . = ALIGN (0x4)

.ram2           0x000000002001c000        0x0 load address 0x0000000008010418
                0x000000002001c000                . = ALIGN (0x4)
                0x000000002001c000                __ram2_clear__ = .
 *(.ram2_clear)
 *(.ram2_clear.*)
                0x000000002001c000                . = ALIGN (0x4)
                0x000000002001c000                __ram2_noinit__ = .
 *(.ram2)
 *(.ram2.*)
                0x000000002001c000                . = ALIGN (0x4)
                0x000000002001c000                __ram2_free__ = .

.ram3_init      0x0000000000000000        0x0 load address 0x0000000008010418
                0x0000000000000000                . = ALIGN (0x4)
                0x0000000008010418                __ram3_init_text__ = LOADADDR (.ram3_init)
                0x0000000000000000                __ram3_init__ = .
 *(.ram3_init)
 *(.ram3_init.*)
                0x0000000000000000                . = ALIGN (0x4)

.ram3           0x0000000000000000        0x0 load address 0x0000000008010418
                0x0000000000000000                . = ALIGN (0x4)
                0x0000000000000000                __ram3_clear__ = .
 *(.ram3_clear)
 *(.ram3_clear.*)
                0x0000000000000000                . = ALIGN (0x4)
                0x0000000000000000                __ram3_noinit__ = .
 *(.ram3)
 *(.ram3.*)
                0x0000000000000000                . = ALIGN (0x4)
                0x0000000000000000                __ram3_free__ = .

.ram4_init      0x0000000010000000        0x0 load address 0x0000000008010418
                0x0000000010000000                . = ALIGN (0x4)
                0x0000000008010418                __ram4_init_text__ = LOADADDR (.ram4_init)
                0x0000000010000000                __ram4_init__ = .
 *(.ram4_init)
 *(.ram4_init.*)
                0x0000000010000000                . = ALIGN (0x4)

.ram4           0x0000000010000000        0x0 load address 0x0000000008010418
                0x0000000010000000                . = ALIGN (0x4)
                0x0000000010000000                __ram4_clear__ = .
 *(.ram4_clear)
 *(.ram4_clear.*)
                0x0000000010000000                . = ALIGN (0x4)
                0x0000000010000000                __ram4_noinit__ = .
 *(.ram4)
 *(.ram4.*)
                0x0000000010000000                . = ALIGN (0x4)
                0x0000000010000000                __ram4_free__ = .

.ram5_init      0x0000000040024000        0x0 load address 0x0000000008010418
                0x0000000040024000                . = ALIGN (0x4)
                0x0000000008010418                __ram5_init_text__ = LOADADDR (.ram5_init)
                0x0000000040024000                __ram5_init__ = .
 *(.ram5_init)
 *(.ram5_init.*)
                0x0000000040024000                . = ALIGN (0x4)

.ram5           0x0000000040024000        0x0 load address 0x0000000008010418
                0x0000000040024000                . = ALIGN (0x4)
                0x0000000040024000                __ram5_clear__ = .
 *(.ram5_clear)
 *(.ram5_clear.*)
                0x0000000040024000                . = ALIGN (0x4)
                0x0000000040024000                __ram5_noinit__ = .
 *(.ram5)
 *(.ram5.*)
                0x0000000040024000                . = ALIGN (0x4)
                0x0000000040024000                __ram5_free__ = .

.ram6_init      0x0000000000000000        0x0 load address 0x0000000008010418
                0x0000000000000000                . = ALIGN (0x4)
                0x0000000008010418                __ram6_init_text__ = LOADADDR (.ram6_init)
                0x0000000000000000                __ram6_init__ = .
 *(.ram6_init)
 *(.ram6_init.*)
                0x0000000000000000                . = ALIGN (0x4)

.ram6           0x0000000000000000        0x0 load address 0x0000000008010418
                0x0000000000000000                . = ALIGN (0x4)
                0x0000000000000000                __ram6_clear__ = .
 *(.ram6_clear)
 *(.ram6_clear.*)
                0x0000000000000000                . = ALIGN (0x4)
                0x0000000000000000                __ram6_noinit__ = .
 *(.ram6)
 *(.ram6.*)
                0x0000000000000000                . = ALIGN (0x4)
                0x0000000000000000                __ram6_free__ = .

.ram7_init      0x0000000000000000        0x0 load address 0x0000000008010418
                0x0000000000000000                . = ALIGN (0x4)
                0x0000000008010418                __ram7_init_text__ = LOADADDR (.ram7_init)
                0x0000000000000000                __ram7_init__ = .
 *(.ram7_init)
 *(.ram7_init.*)
                0x0000000000000000                . = ALIGN (0x4)

.ram7           0x0000000000000000        0x0 load address 0x0000000008010418
                0x0000000000000000                . = ALIGN (0x4)
                0x0000000000000000                __ram7_clear__ = .
 *(.ram7_clear)
 *(.ram7_clear.*)
                0x0000000000000000                . = ALIGN (0x4)
                0x0000000000000000                __ram7_noinit__ = .
 *(.ram7)
 *(.ram7.*)
                0x0000000000000000                . = ALIGN (0x4)
                0x0000000000000000                __ram7_free__ = .

.heap           0x0000000020001d10    0x1e2f0
                0x0000000020001d10                . = ALIGN (0x8)
                0x0000000020001d10                __heap_base__ = .
                0x0000000020020000                . = (ORIGIN (HEAP_RAM) + LENGTH (HEAP_RAM))
 *fill*         0x0000000020001d10    0x1e2f0 
                0x0000000020020000                __heap_end__ = .
                0x0000000000000400                __process_stack_size__ = 0x400
                0x0000000000000400                __main_stack_size__ = 0x400
START GROUP
LOAD /home/leonardo/Descargas/gcc-arm-none-eabi-6-2017-q1-update/bin/../lib/gcc/arm-none-eabi/6.3.1/thumb/v7e-m/libgcc.a
LOAD /home/leonardo/Descargas/gcc-arm-none-eabi-6-2017-q1-update/bin/../lib/gcc/arm-none-eabi/6.3.1/../../../../arm-none-eabi/lib/thumb/v7e-m/libg.a
LOAD /home/leonardo/Descargas/gcc-arm-none-eabi-6-2017-q1-update/bin/../lib/gcc/arm-none-eabi/6.3.1/../../../../arm-none-eabi/lib/thumb/v7e-m/libc.a
END GROUP
OUTPUT(build/2.2.E.elf elf32-littlearm)

.ARM.attributes
                0x0000000000000000       0x2f
 .ARM.attributes
                0x0000000000000000       0x21 build/obj/crt0_v7m.o
 .ARM.attributes
                0x0000000000000021       0x21 build/obj/chcoreasm_v7m.o
 .ARM.attributes
                0x0000000000000042       0x31 /tmp/ccY2Qono.ltrans0.ltrans.o
 .ARM.attributes
                0x0000000000000073       0x31 /tmp/ccY2Qono.ltrans1.ltrans.o
 .ARM.attributes
                0x00000000000000a4       0x31 /tmp/ccY2Qono.ltrans2.ltrans.o
 .ARM.attributes
                0x00000000000000d5       0x31 /tmp/ccY2Qono.ltrans3.ltrans.o
 .ARM.attributes
                0x0000000000000106       0x31 /tmp/ccY2Qono.ltrans4.ltrans.o
 .ARM.attributes
                0x0000000000000137       0x31 /tmp/ccY2Qono.ltrans5.ltrans.o
 .ARM.attributes
                0x0000000000000168       0x31 /tmp/ccY2Qono.ltrans6.ltrans.o
 .ARM.attributes
                0x0000000000000199       0x31 /tmp/ccY2Qono.ltrans7.ltrans.o
 .ARM.attributes
                0x00000000000001ca       0x31 /tmp/ccY2Qono.ltrans8.ltrans.o
 .ARM.attributes
                0x00000000000001fb       0x31 /tmp/ccY2Qono.ltrans9.ltrans.o
 .ARM.attributes
                0x000000000000022c       0x31 /tmp/ccY2Qono.ltrans10.ltrans.o
 .ARM.attributes
                0x000000000000025d       0x31 /tmp/ccY2Qono.ltrans11.ltrans.o
 .ARM.attributes
                0x000000000000028e       0x31 /tmp/ccY2Qono.ltrans12.ltrans.o
 .ARM.attributes
                0x00000000000002bf       0x31 /tmp/ccY2Qono.ltrans13.ltrans.o
 .ARM.attributes
                0x00000000000002f0       0x31 /tmp/ccY2Qono.ltrans14.ltrans.o
 .ARM.attributes
                0x0000000000000321       0x31 /tmp/ccY2Qono.ltrans15.ltrans.o
 .ARM.attributes
                0x0000000000000352       0x31 /tmp/ccY2Qono.ltrans16.ltrans.o
 .ARM.attributes
                0x0000000000000383       0x31 /tmp/ccY2Qono.ltrans17.ltrans.o
 .ARM.attributes
                0x00000000000003b4       0x31 /tmp/ccY2Qono.ltrans18.ltrans.o
 .ARM.attributes
                0x00000000000003e5       0x31 /tmp/ccY2Qono.ltrans19.ltrans.o
 .ARM.attributes
                0x0000000000000416       0x31 /tmp/ccY2Qono.ltrans20.ltrans.o
 .ARM.attributes
                0x0000000000000447       0x1e /home/leonardo/Descargas/gcc-arm-none-eabi-6-2017-q1-update/bin/../lib/gcc/arm-none-eabi/6.3.1/thumb/v7e-m/libgcc.a(_aeabi_uldivmod.o)
 .ARM.attributes
                0x0000000000000465       0x2e /home/leonardo/Descargas/gcc-arm-none-eabi-6-2017-q1-update/bin/../lib/gcc/arm-none-eabi/6.3.1/thumb/v7e-m/libgcc.a(_udivmoddi4.o)
 .ARM.attributes
                0x0000000000000493       0x1e /home/leonardo/Descargas/gcc-arm-none-eabi-6-2017-q1-update/bin/../lib/gcc/arm-none-eabi/6.3.1/thumb/v7e-m/libgcc.a(_dvmd_tls.o)
 .ARM.attributes
                0x00000000000004b1       0x1c /home/leonardo/Descargas/gcc-arm-none-eabi-6-2017-q1-update/bin/../lib/gcc/arm-none-eabi/6.3.1/../../../../arm-none-eabi/lib/thumb/v7e-m/libg.a(lib_a-strlen.o)

.comment        0x0000000000000000       0x7f
 .comment       0x0000000000000000       0x7f /tmp/ccY2Qono.ltrans0.ltrans.o
                                         0x80 (size before relaxing)
 .comment       0x000000000000007f       0x80 /tmp/ccY2Qono.ltrans1.ltrans.o
 .comment       0x000000000000007f       0x80 /tmp/ccY2Qono.ltrans2.ltrans.o
 .comment       0x000000000000007f       0x80 /tmp/ccY2Qono.ltrans3.ltrans.o
 .comment       0x000000000000007f       0x80 /tmp/ccY2Qono.ltrans4.ltrans.o
 .comment       0x000000000000007f       0x80 /tmp/ccY2Qono.ltrans5.ltrans.o
 .comment       0x000000000000007f       0x80 /tmp/ccY2Qono.ltrans6.ltrans.o
 .comment       0x000000000000007f       0x80 /tmp/ccY2Qono.ltrans7.ltrans.o
 .comment       0x000000000000007f       0x80 /tmp/ccY2Qono.ltrans8.ltrans.o
 .comment       0x000000000000007f       0x80 /tmp/ccY2Qono.ltrans9.ltrans.o
 .comment       0x000000000000007f       0x80 /tmp/ccY2Qono.ltrans10.ltrans.o
 .comment       0x000000000000007f       0x80 /tmp/ccY2Qono.ltrans11.ltrans.o
 .comment       0x000000000000007f       0x80 /tmp/ccY2Qono.ltrans12.ltrans.o
 .comment       0x000000000000007f       0x80 /tmp/ccY2Qono.ltrans13.ltrans.o
 .comment       0x000000000000007f       0x80 /tmp/ccY2Qono.ltrans14.ltrans.o
 .comment       0x000000000000007f       0x80 /tmp/ccY2Qono.ltrans15.ltrans.o
 .comment       0x000000000000007f       0x80 /tmp/ccY2Qono.ltrans16.ltrans.o
 .comment       0x000000000000007f       0x80 /tmp/ccY2Qono.ltrans17.ltrans.o
 .comment       0x000000000000007f       0x80 /tmp/ccY2Qono.ltrans18.ltrans.o
 .comment       0x000000000000007f       0x80 /tmp/ccY2Qono.ltrans19.ltrans.o
 .comment       0x000000000000007f       0x80 /tmp/ccY2Qono.ltrans20.ltrans.o

.debug_info     0x0000000000000000    0x2299e
 .debug_info    0x0000000000000000     0x411f /tmp/ccY2Qono.ltrans0.ltrans.o
 .debug_info    0x000000000000411f     0x2246 /tmp/ccY2Qono.ltrans1.ltrans.o
 .debug_info    0x0000000000006365     0x63eb /tmp/ccY2Qono.ltrans2.ltrans.o
 .debug_info    0x000000000000c750      0x25a /tmp/ccY2Qono.ltrans3.ltrans.o
 .debug_info    0x000000000000c9aa     0x31a1 /tmp/ccY2Qono.ltrans4.ltrans.o
 .debug_info    0x000000000000fb4b     0x3001 /tmp/ccY2Qono.ltrans5.ltrans.o
 .debug_info    0x0000000000012b4c     0x29f6 /tmp/ccY2Qono.ltrans6.ltrans.o
 .debug_info    0x0000000000015542     0x16b8 /tmp/ccY2Qono.ltrans7.ltrans.o
 .debug_info    0x0000000000016bfa      0x2fc /tmp/ccY2Qono.ltrans8.ltrans.o
 .debug_info    0x0000000000016ef6     0x1d06 /tmp/ccY2Qono.ltrans9.ltrans.o
 .debug_info    0x0000000000018bfc      0x283 /tmp/ccY2Qono.ltrans10.ltrans.o
 .debug_info    0x0000000000018e7f     0x26af /tmp/ccY2Qono.ltrans11.ltrans.o
 .debug_info    0x000000000001b52e      0xd87 /tmp/ccY2Qono.ltrans12.ltrans.o
 .debug_info    0x000000000001c2b5     0x1351 /tmp/ccY2Qono.ltrans13.ltrans.o
 .debug_info    0x000000000001d606      0xed1 /tmp/ccY2Qono.ltrans14.ltrans.o
 .debug_info    0x000000000001e4d7      0xe83 /tmp/ccY2Qono.ltrans15.ltrans.o
 .debug_info    0x000000000001f35a     0x27a7 /tmp/ccY2Qono.ltrans16.ltrans.o
 .debug_info    0x0000000000021b01      0x192 /tmp/ccY2Qono.ltrans17.ltrans.o
 .debug_info    0x0000000000021c93      0x687 /tmp/ccY2Qono.ltrans18.ltrans.o
 .debug_info    0x000000000002231a      0x465 /tmp/ccY2Qono.ltrans19.ltrans.o
 .debug_info    0x000000000002277f      0x21f /tmp/ccY2Qono.ltrans20.ltrans.o

.debug_abbrev   0x0000000000000000     0x3e9f
 .debug_abbrev  0x0000000000000000      0x24a /tmp/ccY2Qono.ltrans0.ltrans.o
 .debug_abbrev  0x000000000000024a      0x25f /tmp/ccY2Qono.ltrans1.ltrans.o
 .debug_abbrev  0x00000000000004a9      0x507 /tmp/ccY2Qono.ltrans2.ltrans.o
 .debug_abbrev  0x00000000000009b0       0xe0 /tmp/ccY2Qono.ltrans3.ltrans.o
 .debug_abbrev  0x0000000000000a90      0x5e6 /tmp/ccY2Qono.ltrans4.ltrans.o
 .debug_abbrev  0x0000000000001076      0x681 /tmp/ccY2Qono.ltrans5.ltrans.o
 .debug_abbrev  0x00000000000016f7      0x4fd /tmp/ccY2Qono.ltrans6.ltrans.o
 .debug_abbrev  0x0000000000001bf4      0x302 /tmp/ccY2Qono.ltrans7.ltrans.o
 .debug_abbrev  0x0000000000001ef6       0xae /tmp/ccY2Qono.ltrans8.ltrans.o
 .debug_abbrev  0x0000000000001fa4      0x429 /tmp/ccY2Qono.ltrans9.ltrans.o
 .debug_abbrev  0x00000000000023cd       0xae /tmp/ccY2Qono.ltrans10.ltrans.o
 .debug_abbrev  0x000000000000247b      0x5b1 /tmp/ccY2Qono.ltrans11.ltrans.o
 .debug_abbrev  0x0000000000002a2c      0x1a9 /tmp/ccY2Qono.ltrans12.ltrans.o
 .debug_abbrev  0x0000000000002bd5      0x37b /tmp/ccY2Qono.ltrans13.ltrans.o
 .debug_abbrev  0x0000000000002f50      0x2f9 /tmp/ccY2Qono.ltrans14.ltrans.o
 .debug_abbrev  0x0000000000003249      0x236 /tmp/ccY2Qono.ltrans15.ltrans.o
 .debug_abbrev  0x000000000000347f      0x412 /tmp/ccY2Qono.ltrans16.ltrans.o
 .debug_abbrev  0x0000000000003891       0x94 /tmp/ccY2Qono.ltrans17.ltrans.o